[[1;33mWARNING[m] 'dependencies.dependency.(groupId:artifactId:type:classifier)' must be unique: org.springframework.security.oauth.boot:spring-security-oauth2-autoconfigure:jar -> duplicate declaration of version 2.0.8.RELEASE @ line 104, column 13
[[1;33mWARNING[m] Could not transfer metadata net.minidev:json-smart/maven-metadata.xml from/to spring-releases (https://repo.spring.io/libs-release): authentication failed for https://repo.spring.io/libs-release/net/minidev/json-smart/maven-metadata.xml, status: 401 Unauthorized
[[1;33mWARNING[m] Could not transfer metadata io.grpc:grpc-core/maven-metadata.xml from/to spring-releases (https://repo.spring.io/libs-release): authentication failed for https://repo.spring.io/libs-release/io/grpc/grpc-core/maven-metadata.xml, status: 401 Unauthorized
The Class-Path manifest attribute in /home/ubuntu/.m2/repository/io/grpc/grpc-netty-shaded/1.10.1/grpc-netty-shaded-1.10.1.jar referenced one or more files that do not exist: file:/home/ubuntu/.m2/repository/io/grpc/grpc-netty-shaded/1.10.1/grpc-core-1.10.1.jar,file:/home/ubuntu/.m2/repository/io/grpc/grpc-netty-shaded/1.10.1/grpc-context-1.10.1.jar,file:/home/ubuntu/.m2/repository/io/grpc/grpc-netty-shaded/1.10.1/gson-2.7.jar,file:/home/ubuntu/.m2/repository/io/grpc/grpc-netty-shaded/1.10.1/opencensus-contrib-grpc-metrics-0.11.0.jar,file:/home/ubuntu/.m2/repository/io/grpc/grpc-netty-shaded/1.10.1/opencensus-api-0.11.0.jar,file:/home/ubuntu/.m2/repository/io/grpc/grpc-netty-shaded/1.10.1/guava-19.0.jar,file:/home/ubuntu/.m2/repository/io/grpc/grpc-netty-shaded/1.10.1/error_prone_annotations-2.1.2.jar,file:/home/ubuntu/.m2/repository/io/grpc/grpc-netty-shaded/1.10.1/jsr305-3.0.0.jar
2026-05-07 09:20:10.872 DEBUG 3471138 --- [  restartedMain] eGlobalAuthenticationAutowiredConfigurer : Eagerly initializing {securityConfig=com.geneza.lms.security.SecurityConfig$$EnhancerBySpringCGLIB$$df871370@4b9f931a, org.springframework.boot.autoconfigure.security.servlet.WebSecurityEnablerConfiguration=org.springframework.boot.autoconfigure.security.servlet.WebSecurityEnablerConfiguration$$EnhancerBySpringCGLIB$$818c9971@744331c0}
2026-05-07 09:20:11.226 DEBUG 3471138 --- [  restartedMain] edFilterInvocationSecurityMetadataSource : Adding web access control expression 'authenticated', for org.springframework.security.web.util.matcher.AnyRequestMatcher@1
2026-05-07 09:20:11.243  INFO 3471138 --- [  restartedMain] o.s.s.web.DefaultSecurityFilterChain     : Creating filter chain: org.springframework.security.web.util.matcher.AnyRequestMatcher@1, [org.springframework.security.web.context.request.async.WebAsyncManagerIntegrationFilter@75272ad2, org.springframework.security.web.context.SecurityContextPersistenceFilter@2ba0a6fa, org.springframework.security.web.header.HeaderWriterFilter@694f37b7, org.springframework.security.web.authentication.logout.LogoutFilter@3247bc72, org.springframework.security.oauth2.provider.authentication.OAuth2AuthenticationProcessingFilter@3497ae3c, org.springframework.security.web.savedrequest.RequestCacheAwareFilter@2de8a586, org.springframework.security.web.servletapi.SecurityContextHolderAwareRequestFilter@164d25df, org.springframework.security.web.authentication.AnonymousAuthenticationFilter@509c8955, org.springframework.security.web.session.SessionManagementFilter@f5412e1, org.springframework.security.web.access.ExceptionTranslationFilter@57efe2d7, org.springframework.security.web.access.intercept.FilterSecurityInterceptor@dbf50ef]
2026-05-07 09:21:55.273 DEBUG 3471138 --- [nio-8080-exec-1] o.s.security.web.FilterChainProxy        : /swagger-ui.html at position 5 of 11 in additional filter chain; firing Filter: 'OAuth2AuthenticationProcessingFilter'
2026-05-07 09:21:55.273 DEBUG 3471138 --- [nio-8080-exec-1] o.s.s.o.p.a.BearerTokenExtractor         : Token not found in headers. Trying request parameters.
2026-05-07 09:21:55.274 DEBUG 3471138 --- [nio-8080-exec-1] o.s.s.o.p.a.BearerTokenExtractor         : Token not found in request parameters.  Not an OAuth2 request.
2026-05-07 09:21:55.275 DEBUG 3471138 --- [nio-8080-exec-1] p.a.OAuth2AuthenticationProcessingFilter : No token in request, will continue chain.
2026-05-07 09:21:55.277 DEBUG 3471138 --- [nio-8080-exec-1] o.s.security.web.FilterChainProxy        : /swagger-ui.html at position 8 of 11 in additional filter chain; firing Filter: 'AnonymousAuthenticationFilter'
2026-05-07 09:21:55.279 DEBUG 3471138 --- [nio-8080-exec-1] o.s.s.w.a.AnonymousAuthenticationFilter  : Populated SecurityContextHolder with anonymous token: 'org.springframework.security.authentication.AnonymousAuthenticationToken@8b5d8115: Principal: anonymousUser; Credentials: [PROTECTED]; Authenticated: true; Details: org.springframework.security.web.authentication.WebAuthenticationDetails@957e: RemoteIpAddress: 127.0.0.1; SessionId: null; Granted Authorities: ROLE_ANONYMOUS'
2026-05-07 09:21:55.298 DEBUG 3471138 --- [nio-8080-exec-1] o.s.s.w.a.i.FilterSecurityInterceptor    : Secure object: FilterInvocation: URL: /swagger-ui.html; Attributes: [#oauth2.throwOnError(permitAll)]
2026-05-07 09:21:55.298 DEBUG 3471138 --- [nio-8080-exec-1] o.s.s.w.a.i.FilterSecurityInterceptor    : Previously Authenticated: org.springframework.security.authentication.AnonymousAuthenticationToken@8b5d8115: Principal: anonymousUser; Credentials: [PROTECTED]; Authenticated: true; Details: org.springframework.security.web.authentication.WebAuthenticationDetails@957e: RemoteIpAddress: 127.0.0.1; SessionId: null; Granted Authorities: ROLE_ANONYMOUS
2026-05-07 09:21:55.308 DEBUG 3471138 --- [nio-8080-exec-1] o.s.s.w.a.i.FilterSecurityInterceptor    : Authorization successful
2026-05-07 09:21:55.309 DEBUG 3471138 --- [nio-8080-exec-1] o.s.s.w.a.i.FilterSecurityInterceptor    : RunAsManager did not change Authentication object
2026-05-07 09:21:55.448 DEBUG 3471138 --- [nio-8080-exec-2] o.s.security.web.FilterChainProxy        : /webjars/springfox-swagger-ui/swagger-ui.css?v=2.9.2 at position 5 of 11 in additional filter chain; firing Filter: 'OAuth2AuthenticationProcessingFilter'
2026-05-07 09:21:55.448 DEBUG 3471138 --- [nio-8080-exec-2] o.s.s.o.p.a.BearerTokenExtractor         : Token not found in headers. Trying request parameters.
2026-05-07 09:21:55.449 DEBUG 3471138 --- [nio-8080-exec-2] o.s.s.o.p.a.BearerTokenExtractor         : Token not found in request parameters.  Not an OAuth2 request.
2026-05-07 09:21:55.449 DEBUG 3471138 --- [nio-8080-exec-2] p.a.OAuth2AuthenticationProcessingFilter : No token in request, will continue chain.
2026-05-07 09:21:55.451 DEBUG 3471138 --- [nio-8080-exec-2] o.s.security.web.FilterChainProxy        : /webjars/springfox-swagger-ui/swagger-ui.css?v=2.9.2 at position 8 of 11 in additional filter chain; firing Filter: 'AnonymousAuthenticationFilter'
2026-05-07 09:21:55.451 DEBUG 3471138 --- [nio-8080-exec-2] o.s.s.w.a.AnonymousAuthenticationFilter  : Populated SecurityContextHolder with anonymous token: 'org.springframework.security.authentication.AnonymousAuthenticationToken@8b5d8115: Principal: anonymousUser; Credentials: [PROTECTED]; Authenticated: true; Details: org.springframework.security.web.authentication.WebAuthenticationDetails@957e: RemoteIpAddress: 127.0.0.1; SessionId: null; Granted Authorities: ROLE_ANONYMOUS'
2026-05-07 09:21:55.456 DEBUG 3471138 --- [nio-8080-exec-3] o.s.security.web.FilterChainProxy        : /webjars/springfox-swagger-ui/springfox.css?v=2.9.2 at position 5 of 11 in additional filter chain; firing Filter: 'OAuth2AuthenticationProcessingFilter'
2026-05-07 09:21:55.459 DEBUG 3471138 --- [nio-8080-exec-2] o.s.s.w.a.i.FilterSecurityInterceptor    : Secure object: FilterInvocation: URL: /webjars/springfox-swagger-ui/swagger-ui.css?v=2.9.2; Attributes: [#oauth2.throwOnError(permitAll)]
2026-05-07 09:21:55.460 DEBUG 3471138 --- [nio-8080-exec-2] o.s.s.w.a.i.FilterSecurityInterceptor    : Previously Authenticated: org.springframework.security.authentication.AnonymousAuthenticationToken@8b5d8115: Principal: anonymousUser; Credentials: [PROTECTED]; Authenticated: true; Details: org.springframework.security.web.authentication.WebAuthenticationDetails@957e: RemoteIpAddress: 127.0.0.1; SessionId: null; Granted Authorities: ROLE_ANONYMOUS
2026-05-07 09:21:55.460 DEBUG 3471138 --- [nio-8080-exec-3] o.s.s.o.p.a.BearerTokenExtractor         : Token not found in headers. Trying request parameters.
2026-05-07 09:21:55.461 DEBUG 3471138 --- [nio-8080-exec-3] o.s.s.o.p.a.BearerTokenExtractor         : Token not found in request parameters.  Not an OAuth2 request.
2026-05-07 09:21:55.461 DEBUG 3471138 --- [nio-8080-exec-3] p.a.OAuth2AuthenticationProcessingFilter : No token in request, will continue chain.
2026-05-07 09:21:55.461 DEBUG 3471138 --- [nio-8080-exec-3] o.s.security.web.FilterChainProxy        : /webjars/springfox-swagger-ui/springfox.css?v=2.9.2 at position 8 of 11 in additional filter chain; firing Filter: 'AnonymousAuthenticationFilter'
2026-05-07 09:21:55.462 DEBUG 3471138 --- [nio-8080-exec-3] o.s.s.w.a.AnonymousAuthenticationFilter  : Populated SecurityContextHolder with anonymous token: 'org.springframework.security.authentication.AnonymousAuthenticationToken@8b5d8115: Principal: anonymousUser; Credentials: [PROTECTED]; Authenticated: true; Details: org.springframework.security.web.authentication.WebAuthenticationDetails@957e: RemoteIpAddress: 127.0.0.1; SessionId: null; Granted Authorities: ROLE_ANONYMOUS'
2026-05-07 09:21:55.466 DEBUG 3471138 --- [nio-8080-exec-2] o.s.s.w.a.i.FilterSecurityInterceptor    : Authorization successful
2026-05-07 09:21:55.467 DEBUG 3471138 --- [nio-8080-exec-2] o.s.s.w.a.i.FilterSecurityInterceptor    : RunAsManager did not change Authentication object
2026-05-07 09:21:55.477 DEBUG 3471138 --- [nio-8080-exec-3] o.s.s.w.a.i.FilterSecurityInterceptor    : Secure object: FilterInvocation: URL: /webjars/springfox-swagger-ui/springfox.css?v=2.9.2; Attributes: [#oauth2.throwOnError(permitAll)]
2026-05-07 09:21:55.477 DEBUG 3471138 --- [nio-8080-exec-3] o.s.s.w.a.i.FilterSecurityInterceptor    : Previously Authenticated: org.springframework.security.authentication.AnonymousAuthenticationToken@8b5d8115: Principal: anonymousUser; Credentials: [PROTECTED]; Authenticated: true; Details: org.springframework.security.web.authentication.WebAuthenticationDetails@957e: RemoteIpAddress: 127.0.0.1; SessionId: null; Granted Authorities: ROLE_ANONYMOUS
2026-05-07 09:21:55.478 DEBUG 3471138 --- [nio-8080-exec-3] o.s.s.w.a.i.FilterSecurityInterceptor    : Authorization successful
2026-05-07 09:21:55.482 DEBUG 3471138 --- [nio-8080-exec-3] o.s.s.w.a.i.FilterSecurityInterceptor    : RunAsManager did not change Authentication object
2026-05-07 09:21:55.536 DEBUG 3471138 --- [nio-8080-exec-4] o.s.security.web.FilterChainProxy        : /webjars/springfox-swagger-ui/swagger-ui-bundle.js?v=2.9.2 at position 5 of 11 in additional filter chain; firing Filter: 'OAuth2AuthenticationProcessingFilter'
2026-05-07 09:21:55.536 DEBUG 3471138 --- [nio-8080-exec-4] o.s.s.o.p.a.BearerTokenExtractor         : Token not found in headers. Trying request parameters.
2026-05-07 09:21:55.541 DEBUG 3471138 --- [nio-8080-exec-4] o.s.s.o.p.a.BearerTokenExtractor         : Token not found in request parameters.  Not an OAuth2 request.
2026-05-07 09:21:55.541 DEBUG 3471138 --- [nio-8080-exec-4] p.a.OAuth2AuthenticationProcessingFilter : No token in request, will continue chain.
2026-05-07 09:21:55.544 DEBUG 3471138 --- [nio-8080-exec-4] o.s.security.web.FilterChainProxy        : /webjars/springfox-swagger-ui/swagger-ui-bundle.js?v=2.9.2 at position 8 of 11 in additional filter chain; firing Filter: 'AnonymousAuthenticationFilter'
2026-05-07 09:21:55.544 DEBUG 3471138 --- [nio-8080-exec-4] o.s.s.w.a.AnonymousAuthenticationFilter  : Populated SecurityContextHolder with anonymous token: 'org.springframework.security.authentication.AnonymousAuthenticationToken@8b5d8115: Principal: anonymousUser; Credentials: [PROTECTED]; Authenticated: true; Details: org.springframework.security.web.authentication.WebAuthenticationDetails@957e: RemoteIpAddress: 127.0.0.1; SessionId: null; Granted Authorities: ROLE_ANONYMOUS'
2026-05-07 09:21:55.551 DEBUG 3471138 --- [nio-8080-exec-5] o.s.security.web.FilterChainProxy        : /webjars/springfox-swagger-ui/swagger-ui-standalone-preset.js?v=2.9.2 at position 5 of 11 in additional filter chain; firing Filter: 'OAuth2AuthenticationProcessingFilter'
2026-05-07 09:21:55.553 DEBUG 3471138 --- [nio-8080-exec-5] o.s.s.o.p.a.BearerTokenExtractor         : Token not found in headers. Trying request parameters.
2026-05-07 09:21:55.553 DEBUG 3471138 --- [nio-8080-exec-5] o.s.s.o.p.a.BearerTokenExtractor         : Token not found in request parameters.  Not an OAuth2 request.
2026-05-07 09:21:55.555 DEBUG 3471138 --- [nio-8080-exec-6] o.s.security.web.FilterChainProxy        : /webjars/springfox-swagger-ui/springfox.js?v=2.9.2 at position 5 of 11 in additional filter chain; firing Filter: 'OAuth2AuthenticationProcessingFilter'
2026-05-07 09:21:55.555 DEBUG 3471138 --- [nio-8080-exec-5] p.a.OAuth2AuthenticationProcessingFilter : No token in request, will continue chain.
2026-05-07 09:21:55.555 DEBUG 3471138 --- [nio-8080-exec-6] o.s.s.o.p.a.BearerTokenExtractor         : Token not found in headers. Trying request parameters.
2026-05-07 09:21:55.555 DEBUG 3471138 --- [nio-8080-exec-6] o.s.s.o.p.a.BearerTokenExtractor         : Token not found in request parameters.  Not an OAuth2 request.
2026-05-07 09:21:55.556 DEBUG 3471138 --- [nio-8080-exec-6] p.a.OAuth2AuthenticationProcessingFilter : No token in request, will continue chain.
2026-05-07 09:21:55.556 DEBUG 3471138 --- [nio-8080-exec-5] o.s.security.web.FilterChainProxy        : /webjars/springfox-swagger-ui/swagger-ui-standalone-preset.js?v=2.9.2 at position 8 of 11 in additional filter chain; firing Filter: 'AnonymousAuthenticationFilter'
2026-05-07 09:21:55.556 DEBUG 3471138 --- [nio-8080-exec-5] o.s.s.w.a.AnonymousAuthenticationFilter  : Populated SecurityContextHolder with anonymous token: 'org.springframework.security.authentication.AnonymousAuthenticationToken@8b5d8115: Principal: anonymousUser; Credentials: [PROTECTED]; Authenticated: true; Details: org.springframework.security.web.authentication.WebAuthenticationDetails@957e: RemoteIpAddress: 127.0.0.1; SessionId: null; Granted Authorities: ROLE_ANONYMOUS'
2026-05-07 09:21:55.556 DEBUG 3471138 --- [nio-8080-exec-6] o.s.security.web.FilterChainProxy        : /webjars/springfox-swagger-ui/springfox.js?v=2.9.2 at position 8 of 11 in additional filter chain; firing Filter: 'AnonymousAuthenticationFilter'
2026-05-07 09:21:55.556 DEBUG 3471138 --- [nio-8080-exec-6] o.s.s.w.a.AnonymousAuthenticationFilter  : Populated SecurityContextHolder with anonymous token: 'org.springframework.security.authentication.AnonymousAuthenticationToken@8b5d8115: Principal: anonymousUser; Credentials: [PROTECTED]; Authenticated: true; Details: org.springframework.security.web.authentication.WebAuthenticationDetails@957e: RemoteIpAddress: 127.0.0.1; SessionId: null; Granted Authorities: ROLE_ANONYMOUS'
2026-05-07 09:21:55.557 DEBUG 3471138 --- [nio-8080-exec-4] o.s.s.w.a.i.FilterSecurityInterceptor    : Secure object: FilterInvocation: URL: /webjars/springfox-swagger-ui/swagger-ui-bundle.js?v=2.9.2; Attributes: [#oauth2.throwOnError(permitAll)]
2026-05-07 09:21:55.557 DEBUG 3471138 --- [nio-8080-exec-4] o.s.s.w.a.i.FilterSecurityInterceptor    : Previously Authenticated: org.springframework.security.authentication.AnonymousAuthenticationToken@8b5d8115: Principal: anonymousUser; Credentials: [PROTECTED]; Authenticated: true; Details: org.springframework.security.web.authentication.WebAuthenticationDetails@957e: RemoteIpAddress: 127.0.0.1; SessionId: null; Granted Authorities: ROLE_ANONYMOUS
2026-05-07 09:21:55.558 DEBUG 3471138 --- [nio-8080-exec-4] o.s.s.w.a.i.FilterSecurityInterceptor    : Authorization successful
2026-05-07 09:21:55.558 DEBUG 3471138 --- [nio-8080-exec-4] o.s.s.w.a.i.FilterSecurityInterceptor    : RunAsManager did not change Authentication object
2026-05-07 09:21:55.564 DEBUG 3471138 --- [nio-8080-exec-5] o.s.s.w.a.i.FilterSecurityInterceptor    : Secure object: FilterInvocation: URL: /webjars/springfox-swagger-ui/swagger-ui-standalone-preset.js?v=2.9.2; Attributes: [#oauth2.throwOnError(permitAll)]
2026-05-07 09:21:55.565 DEBUG 3471138 --- [nio-8080-exec-5] o.s.s.w.a.i.FilterSecurityInterceptor    : Previously Authenticated: org.springframework.security.authentication.AnonymousAuthenticationToken@8b5d8115: Principal: anonymousUser; Credentials: [PROTECTED]; Authenticated: true; Details: org.springframework.security.web.authentication.WebAuthenticationDetails@957e: RemoteIpAddress: 127.0.0.1; SessionId: null; Granted Authorities: ROLE_ANONYMOUS
2026-05-07 09:21:55.565 DEBUG 3471138 --- [nio-8080-exec-5] o.s.s.w.a.i.FilterSecurityInterceptor    : Authorization successful
2026-05-07 09:21:55.566 DEBUG 3471138 --- [nio-8080-exec-5] o.s.s.w.a.i.FilterSecurityInterceptor    : RunAsManager did not change Authentication object
2026-05-07 09:21:55.566 DEBUG 3471138 --- [nio-8080-exec-6] o.s.s.w.a.i.FilterSecurityInterceptor    : Secure object: FilterInvocation: URL: /webjars/springfox-swagger-ui/springfox.js?v=2.9.2; Attributes: [#oauth2.throwOnError(permitAll)]
2026-05-07 09:21:55.566 DEBUG 3471138 --- [nio-8080-exec-6] o.s.s.w.a.i.FilterSecurityInterceptor    : Previously Authenticated: org.springframework.security.authentication.AnonymousAuthenticationToken@8b5d8115: Principal: anonymousUser; Credentials: [PROTECTED]; Authenticated: true; Details: org.springframework.security.web.authentication.WebAuthenticationDetails@957e: RemoteIpAddress: 127.0.0.1; SessionId: null; Granted Authorities: ROLE_ANONYMOUS
2026-05-07 09:21:55.570 DEBUG 3471138 --- [nio-8080-exec-6] o.s.s.w.a.i.FilterSecurityInterceptor    : Authorization successful
2026-05-07 09:21:55.571 DEBUG 3471138 --- [nio-8080-exec-6] o.s.s.w.a.i.FilterSecurityInterceptor    : RunAsManager did not change Authentication object
2026-05-07 09:21:56.095 DEBUG 3471138 --- [nio-8080-exec-7] o.s.security.web.FilterChainProxy        : /webjars/springfox-swagger-ui/favicon-32x32.png?v=2.9.2 at position 5 of 11 in additional filter chain; firing Filter: 'OAuth2AuthenticationProcessingFilter'
2026-05-07 09:21:56.095 DEBUG 3471138 --- [nio-8080-exec-7] o.s.s.o.p.a.BearerTokenExtractor         : Token not found in headers. Trying request parameters.
2026-05-07 09:21:56.096 DEBUG 3471138 --- [nio-8080-exec-8] o.s.security.web.FilterChainProxy        : /swagger-resources/configuration/ui at position 5 of 11 in additional filter chain; firing Filter: 'OAuth2AuthenticationProcessingFilter'
2026-05-07 09:21:56.096 DEBUG 3471138 --- [nio-8080-exec-8] o.s.s.o.p.a.BearerTokenExtractor         : Token not found in headers. Trying request parameters.
2026-05-07 09:21:56.096 DEBUG 3471138 --- [nio-8080-exec-8] o.s.s.o.p.a.BearerTokenExtractor         : Token not found in request parameters.  Not an OAuth2 request.
2026-05-07 09:21:56.096 DEBUG 3471138 --- [nio-8080-exec-8] p.a.OAuth2AuthenticationProcessingFilter : No token in request, will continue chain.
2026-05-07 09:21:56.097 DEBUG 3471138 --- [nio-8080-exec-8] o.s.security.web.FilterChainProxy        : /swagger-resources/configuration/ui at position 8 of 11 in additional filter chain; firing Filter: 'AnonymousAuthenticationFilter'
2026-05-07 09:21:56.097 DEBUG 3471138 --- [nio-8080-exec-8] o.s.s.w.a.AnonymousAuthenticationFilter  : Populated SecurityContextHolder with anonymous token: 'org.springframework.security.authentication.AnonymousAuthenticationToken@8b5d8115: Principal: anonymousUser; Credentials: [PROTECTED]; Authenticated: true; Details: org.springframework.security.web.authentication.WebAuthenticationDetails@957e: RemoteIpAddress: 127.0.0.1; SessionId: null; Granted Authorities: ROLE_ANONYMOUS'
2026-05-07 09:21:56.099 DEBUG 3471138 --- [nio-8080-exec-7] o.s.s.o.p.a.BearerTokenExtractor         : Token not found in request parameters.  Not an OAuth2 request.
2026-05-07 09:21:56.100 DEBUG 3471138 --- [nio-8080-exec-7] p.a.OAuth2AuthenticationProcessingFilter : No token in request, will continue chain.
2026-05-07 09:21:56.100 DEBUG 3471138 --- [nio-8080-exec-7] o.s.security.web.FilterChainProxy        : /webjars/springfox-swagger-ui/favicon-32x32.png?v=2.9.2 at position 8 of 11 in additional filter chain; firing Filter: 'AnonymousAuthenticationFilter'
2026-05-07 09:21:56.101 DEBUG 3471138 --- [nio-8080-exec-7] o.s.s.w.a.AnonymousAuthenticationFilter  : Populated SecurityContextHolder with anonymous token: 'org.springframework.security.authentication.AnonymousAuthenticationToken@8b5d8115: Principal: anonymousUser; Credentials: [PROTECTED]; Authenticated: true; Details: org.springframework.security.web.authentication.WebAuthenticationDetails@957e: RemoteIpAddress: 127.0.0.1; SessionId: null; Granted Authorities: ROLE_ANONYMOUS'
2026-05-07 09:21:56.106 DEBUG 3471138 --- [nio-8080-exec-8] o.s.s.w.a.i.FilterSecurityInterceptor    : Secure object: FilterInvocation: URL: /swagger-resources/configuration/ui; Attributes: [#oauth2.throwOnError(permitAll)]
2026-05-07 09:21:56.108 DEBUG 3471138 --- [nio-8080-exec-8] o.s.s.w.a.i.FilterSecurityInterceptor    : Previously Authenticated: org.springframework.security.authentication.AnonymousAuthenticationToken@8b5d8115: Principal: anonymousUser; Credentials: [PROTECTED]; Authenticated: true; Details: org.springframework.security.web.authentication.WebAuthenticationDetails@957e: RemoteIpAddress: 127.0.0.1; SessionId: null; Granted Authorities: ROLE_ANONYMOUS
2026-05-07 09:21:56.112 DEBUG 3471138 --- [nio-8080-exec-8] o.s.s.w.a.i.FilterSecurityInterceptor    : Authorization successful
2026-05-07 09:21:56.112 DEBUG 3471138 --- [nio-8080-exec-7] o.s.s.w.a.i.FilterSecurityInterceptor    : Secure object: FilterInvocation: URL: /webjars/springfox-swagger-ui/favicon-32x32.png?v=2.9.2; Attributes: [#oauth2.throwOnError(permitAll)]
2026-05-07 09:21:56.112 DEBUG 3471138 --- [nio-8080-exec-7] o.s.s.w.a.i.FilterSecurityInterceptor    : Previously Authenticated: org.springframework.security.authentication.AnonymousAuthenticationToken@8b5d8115: Principal: anonymousUser; Credentials: [PROTECTED]; Authenticated: true; Details: org.springframework.security.web.authentication.WebAuthenticationDetails@957e: RemoteIpAddress: 127.0.0.1; SessionId: null; Granted Authorities: ROLE_ANONYMOUS
2026-05-07 09:21:56.112 DEBUG 3471138 --- [nio-8080-exec-8] o.s.s.w.a.i.FilterSecurityInterceptor    : RunAsManager did not change Authentication object
2026-05-07 09:21:56.114 DEBUG 3471138 --- [nio-8080-exec-7] o.s.s.w.a.i.FilterSecurityInterceptor    : Authorization successful
2026-05-07 09:21:56.115 DEBUG 3471138 --- [nio-8080-exec-7] o.s.s.w.a.i.FilterSecurityInterceptor    : RunAsManager did not change Authentication object
2026-05-07 09:21:56.264 DEBUG 3471138 --- [nio-8080-exec-9] o.s.security.web.FilterChainProxy        : /swagger-resources/configuration/security at position 5 of 11 in additional filter chain; firing Filter: 'OAuth2AuthenticationProcessingFilter'
2026-05-07 09:21:56.264 DEBUG 3471138 --- [nio-8080-exec-9] o.s.s.o.p.a.BearerTokenExtractor         : Token not found in headers. Trying request parameters.
2026-05-07 09:21:56.264 DEBUG 3471138 --- [nio-8080-exec-9] o.s.s.o.p.a.BearerTokenExtractor         : Token not found in request parameters.  Not an OAuth2 request.
2026-05-07 09:21:56.265 DEBUG 3471138 --- [nio-8080-exec-9] p.a.OAuth2AuthenticationProcessingFilter : No token in request, will continue chain.
2026-05-07 09:21:56.265 DEBUG 3471138 --- [nio-8080-exec-9] o.s.security.web.FilterChainProxy        : /swagger-resources/configuration/security at position 8 of 11 in additional filter chain; firing Filter: 'AnonymousAuthenticationFilter'
2026-05-07 09:21:56.265 DEBUG 3471138 --- [nio-8080-exec-9] o.s.s.w.a.AnonymousAuthenticationFilter  : Populated SecurityContextHolder with anonymous token: 'org.springframework.security.authentication.AnonymousAuthenticationToken@8b5d8115: Principal: anonymousUser; Credentials: [PROTECTED]; Authenticated: true; Details: org.springframework.security.web.authentication.WebAuthenticationDetails@957e: RemoteIpAddress: 127.0.0.1; SessionId: null; Granted Authorities: ROLE_ANONYMOUS'
2026-05-07 09:21:56.268 DEBUG 3471138 --- [nio-8080-exec-9] o.s.s.w.a.i.FilterSecurityInterceptor    : Secure object: FilterInvocation: URL: /swagger-resources/configuration/security; Attributes: [#oauth2.throwOnError(permitAll)]
2026-05-07 09:21:56.268 DEBUG 3471138 --- [nio-8080-exec-9] o.s.s.w.a.i.FilterSecurityInterceptor    : Previously Authenticated: org.springframework.security.authentication.AnonymousAuthenticationToken@8b5d8115: Principal: anonymousUser; Credentials: [PROTECTED]; Authenticated: true; Details: org.springframework.security.web.authentication.WebAuthenticationDetails@957e: RemoteIpAddress: 127.0.0.1; SessionId: null; Granted Authorities: ROLE_ANONYMOUS
2026-05-07 09:21:56.270 DEBUG 3471138 --- [nio-8080-exec-9] o.s.s.w.a.i.FilterSecurityInterceptor    : Authorization successful
2026-05-07 09:21:56.271 DEBUG 3471138 --- [nio-8080-exec-9] o.s.s.w.a.i.FilterSecurityInterceptor    : RunAsManager did not change Authentication object
2026-05-07 09:21:56.338 DEBUG 3471138 --- [io-8080-exec-10] o.s.security.web.FilterChainProxy        : /swagger-resources at position 5 of 11 in additional filter chain; firing Filter: 'OAuth2AuthenticationProcessingFilter'
2026-05-07 09:21:56.338 DEBUG 3471138 --- [io-8080-exec-10] o.s.s.o.p.a.BearerTokenExtractor         : Token not found in headers. Trying request parameters.
2026-05-07 09:21:56.339 DEBUG 3471138 --- [io-8080-exec-10] o.s.s.o.p.a.BearerTokenExtractor         : Token not found in request parameters.  Not an OAuth2 request.
2026-05-07 09:21:56.339 DEBUG 3471138 --- [io-8080-exec-10] p.a.OAuth2AuthenticationProcessingFilter : No token in request, will continue chain.
2026-05-07 09:21:56.339 DEBUG 3471138 --- [io-8080-exec-10] o.s.security.web.FilterChainProxy        : /swagger-resources at position 8 of 11 in additional filter chain; firing Filter: 'AnonymousAuthenticationFilter'
2026-05-07 09:21:56.340 DEBUG 3471138 --- [io-8080-exec-10] o.s.s.w.a.AnonymousAuthenticationFilter  : Populated SecurityContextHolder with anonymous token: 'org.springframework.security.authentication.AnonymousAuthenticationToken@8b5d8115: Principal: anonymousUser; Credentials: [PROTECTED]; Authenticated: true; Details: org.springframework.security.web.authentication.WebAuthenticationDetails@957e: RemoteIpAddress: 127.0.0.1; SessionId: null; Granted Authorities: ROLE_ANONYMOUS'
2026-05-07 09:21:56.342 DEBUG 3471138 --- [io-8080-exec-10] o.s.s.w.a.i.FilterSecurityInterceptor    : Secure object: FilterInvocation: URL: /swagger-resources; Attributes: [#oauth2.throwOnError(permitAll)]
2026-05-07 09:21:56.342 DEBUG 3471138 --- [io-8080-exec-10] o.s.s.w.a.i.FilterSecurityInterceptor    : Previously Authenticated: org.springframework.security.authentication.AnonymousAuthenticationToken@8b5d8115: Principal: anonymousUser; Credentials: [PROTECTED]; Authenticated: true; Details: org.springframework.security.web.authentication.WebAuthenticationDetails@957e: RemoteIpAddress: 127.0.0.1; SessionId: null; Granted Authorities: ROLE_ANONYMOUS
2026-05-07 09:21:56.343 DEBUG 3471138 --- [io-8080-exec-10] o.s.s.w.a.i.FilterSecurityInterceptor    : Authorization successful
2026-05-07 09:21:56.343 DEBUG 3471138 --- [io-8080-exec-10] o.s.s.w.a.i.FilterSecurityInterceptor    : RunAsManager did not change Authentication object
2026-05-07 09:21:56.406 DEBUG 3471138 --- [nio-8080-exec-1] o.s.security.web.FilterChainProxy        : /v2/api-docs at position 5 of 11 in additional filter chain; firing Filter: 'OAuth2AuthenticationProcessingFilter'
2026-05-07 09:21:56.406 DEBUG 3471138 --- [nio-8080-exec-1] o.s.s.o.p.a.BearerTokenExtractor         : Token not found in headers. Trying request parameters.
2026-05-07 09:21:56.406 DEBUG 3471138 --- [nio-8080-exec-1] o.s.s.o.p.a.BearerTokenExtractor         : Token not found in request parameters.  Not an OAuth2 request.
2026-05-07 09:21:56.408 DEBUG 3471138 --- [nio-8080-exec-1] p.a.OAuth2AuthenticationProcessingFilter : No token in request, will continue chain.
2026-05-07 09:21:56.409 DEBUG 3471138 --- [nio-8080-exec-1] o.s.security.web.FilterChainProxy        : /v2/api-docs at position 8 of 11 in additional filter chain; firing Filter: 'AnonymousAuthenticationFilter'
2026-05-07 09:21:56.409 DEBUG 3471138 --- [nio-8080-exec-1] o.s.s.w.a.AnonymousAuthenticationFilter  : Populated SecurityContextHolder with anonymous token: 'org.springframework.security.authentication.AnonymousAuthenticationToken@8b5d8115: Principal: anonymousUser; Credentials: [PROTECTED]; Authenticated: true; Details: org.springframework.security.web.authentication.WebAuthenticationDetails@957e: RemoteIpAddress: 127.0.0.1; SessionId: null; Granted Authorities: ROLE_ANONYMOUS'
2026-05-07 09:21:56.414 DEBUG 3471138 --- [nio-8080-exec-2] o.s.security.web.FilterChainProxy        : / at position 5 of 11 in additional filter chain; firing Filter: 'OAuth2AuthenticationProcessingFilter'
2026-05-07 09:21:56.414 DEBUG 3471138 --- [nio-8080-exec-2] o.s.s.o.p.a.BearerTokenExtractor         : Token not found in headers. Trying request parameters.
2026-05-07 09:21:56.414 DEBUG 3471138 --- [nio-8080-exec-2] o.s.s.o.p.a.BearerTokenExtractor         : Token not found in request parameters.  Not an OAuth2 request.
2026-05-07 09:21:56.414 DEBUG 3471138 --- [nio-8080-exec-1] o.s.s.w.a.i.FilterSecurityInterceptor    : Secure object: FilterInvocation: URL: /v2/api-docs; Attributes: [#oauth2.throwOnError(permitAll)]
2026-05-07 09:21:56.414 DEBUG 3471138 --- [nio-8080-exec-1] o.s.s.w.a.i.FilterSecurityInterceptor    : Previously Authenticated: org.springframework.security.authentication.AnonymousAuthenticationToken@8b5d8115: Principal: anonymousUser; Credentials: [PROTECTED]; Authenticated: true; Details: org.springframework.security.web.authentication.WebAuthenticationDetails@957e: RemoteIpAddress: 127.0.0.1; SessionId: null; Granted Authorities: ROLE_ANONYMOUS
2026-05-07 09:21:56.415 DEBUG 3471138 --- [nio-8080-exec-2] p.a.OAuth2AuthenticationProcessingFilter : No token in request, will continue chain.
2026-05-07 09:21:56.415 DEBUG 3471138 --- [nio-8080-exec-1] o.s.s.w.a.i.FilterSecurityInterceptor    : Authorization successful
2026-05-07 09:21:56.415 DEBUG 3471138 --- [nio-8080-exec-1] o.s.s.w.a.i.FilterSecurityInterceptor    : RunAsManager did not change Authentication object
2026-05-07 09:21:56.415 DEBUG 3471138 --- [nio-8080-exec-2] o.s.security.web.FilterChainProxy        : / at position 8 of 11 in additional filter chain; firing Filter: 'AnonymousAuthenticationFilter'
2026-05-07 09:21:56.415 DEBUG 3471138 --- [nio-8080-exec-2] o.s.s.w.a.AnonymousAuthenticationFilter  : Populated SecurityContextHolder with anonymous token: 'org.springframework.security.authentication.AnonymousAuthenticationToken@8b5d8115: Principal: anonymousUser; Credentials: [PROTECTED]; Authenticated: true; Details: org.springframework.security.web.authentication.WebAuthenticationDetails@957e: RemoteIpAddress: 127.0.0.1; SessionId: null; Granted Authorities: ROLE_ANONYMOUS'
2026-05-07 09:21:56.421 DEBUG 3471138 --- [nio-8080-exec-2] o.s.s.w.a.i.FilterSecurityInterceptor    : Secure object: FilterInvocation: URL: /; Attributes: [#oauth2.throwOnError(authenticated)]
2026-05-07 09:21:56.421 DEBUG 3471138 --- [nio-8080-exec-2] o.s.s.w.a.i.FilterSecurityInterceptor    : Previously Authenticated: org.springframework.security.authentication.AnonymousAuthenticationToken@8b5d8115: Principal: anonymousUser; Credentials: [PROTECTED]; Authenticated: true; Details: org.springframework.security.web.authentication.WebAuthenticationDetails@957e: RemoteIpAddress: 127.0.0.1; SessionId: null; Granted Authorities: ROLE_ANONYMOUS
2026-05-07 09:21:56.429 DEBUG 3471138 --- [nio-8080-exec-5] o.s.security.web.FilterChainProxy        : /webjars/springfox-swagger-ui/fonts/open-sans-v15-latin-regular.woff2 at position 5 of 11 in additional filter chain; firing Filter: 'OAuth2AuthenticationProcessingFilter'
2026-05-07 09:21:56.429 DEBUG 3471138 --- [nio-8080-exec-5] o.s.s.o.p.a.BearerTokenExtractor         : Token not found in headers. Trying request parameters.
2026-05-07 09:21:56.429 DEBUG 3471138 --- [nio-8080-exec-5] o.s.s.o.p.a.BearerTokenExtractor         : Token not found in request parameters.  Not an OAuth2 request.
2026-05-07 09:21:56.430 DEBUG 3471138 --- [nio-8080-exec-5] p.a.OAuth2AuthenticationProcessingFilter : No token in request, will continue chain.
2026-05-07 09:21:56.430 DEBUG 3471138 --- [nio-8080-exec-5] o.s.security.web.FilterChainProxy        : /webjars/springfox-swagger-ui/fonts/open-sans-v15-latin-regular.woff2 at position 8 of 11 in additional filter chain; firing Filter: 'AnonymousAuthenticationFilter'
2026-05-07 09:21:56.430 DEBUG 3471138 --- [nio-8080-exec-5] o.s.s.w.a.AnonymousAuthenticationFilter  : Populated SecurityContextHolder with anonymous token: 'org.springframework.security.authentication.AnonymousAuthenticationToken@8b5d8115: Principal: anonymousUser; Credentials: [PROTECTED]; Authenticated: true; Details: org.springframework.security.web.authentication.WebAuthenticationDetails@957e: RemoteIpAddress: 127.0.0.1; SessionId: null; Granted Authorities: ROLE_ANONYMOUS'
2026-05-07 09:21:56.432 DEBUG 3471138 --- [nio-8080-exec-3] o.s.security.web.FilterChainProxy        : /webjars/springfox-swagger-ui/fonts/titillium-web-v6-latin-700.woff2 at position 5 of 11 in additional filter chain; firing Filter: 'OAuth2AuthenticationProcessingFilter'
2026-05-07 09:21:56.432 DEBUG 3471138 --- [nio-8080-exec-3] o.s.s.o.p.a.BearerTokenExtractor         : Token not found in headers. Trying request parameters.
2026-05-07 09:21:56.438 DEBUG 3471138 --- [nio-8080-exec-3] o.s.s.o.p.a.BearerTokenExtractor         : Token not found in request parameters.  Not an OAuth2 request.
2026-05-07 09:21:56.439 DEBUG 3471138 --- [nio-8080-exec-3] p.a.OAuth2AuthenticationProcessingFilter : No token in request, will continue chain.
2026-05-07 09:21:56.439 DEBUG 3471138 --- [nio-8080-exec-3] o.s.security.web.FilterChainProxy        : /webjars/springfox-swagger-ui/fonts/titillium-web-v6-latin-700.woff2 at position 8 of 11 in additional filter chain; firing Filter: 'AnonymousAuthenticationFilter'
2026-05-07 09:21:56.439 DEBUG 3471138 --- [nio-8080-exec-3] o.s.s.w.a.AnonymousAuthenticationFilter  : Populated SecurityContextHolder with anonymous token: 'org.springframework.security.authentication.AnonymousAuthenticationToken@8b5d8115: Principal: anonymousUser; Credentials: [PROTECTED]; Authenticated: true; Details: org.springframework.security.web.authentication.WebAuthenticationDetails@957e: RemoteIpAddress: 127.0.0.1; SessionId: null; Granted Authorities: ROLE_ANONYMOUS'
2026-05-07 09:21:56.449 DEBUG 3471138 --- [nio-8080-exec-5] o.s.s.w.a.i.FilterSecurityInterceptor    : Secure object: FilterInvocation: URL: /webjars/springfox-swagger-ui/fonts/open-sans-v15-latin-regular.woff2; Attributes: [#oauth2.throwOnError(permitAll)]
2026-05-07 09:21:56.450 DEBUG 3471138 --- [nio-8080-exec-5] o.s.s.w.a.i.FilterSecurityInterceptor    : Previously Authenticated: org.springframework.security.authentication.AnonymousAuthenticationToken@8b5d8115: Principal: anonymousUser; Credentials: [PROTECTED]; Authenticated: true; Details: org.springframework.security.web.authentication.WebAuthenticationDetails@957e: RemoteIpAddress: 127.0.0.1; SessionId: null; Granted Authorities: ROLE_ANONYMOUS
2026-05-07 09:21:56.450 DEBUG 3471138 --- [nio-8080-exec-5] o.s.s.w.a.i.FilterSecurityInterceptor    : Authorization successful
2026-05-07 09:21:56.451 DEBUG 3471138 --- [nio-8080-exec-5] o.s.s.w.a.i.FilterSecurityInterceptor    : RunAsManager did not change Authentication object
2026-05-07 09:21:56.452 DEBUG 3471138 --- [nio-8080-exec-3] o.s.s.w.a.i.FilterSecurityInterceptor    : Secure object: FilterInvocation: URL: /webjars/springfox-swagger-ui/fonts/titillium-web-v6-latin-700.woff2; Attributes: [#oauth2.throwOnError(permitAll)]
2026-05-07 09:21:56.452 DEBUG 3471138 --- [nio-8080-exec-3] o.s.s.w.a.i.FilterSecurityInterceptor    : Previously Authenticated: org.springframework.security.authentication.AnonymousAuthenticationToken@8b5d8115: Principal: anonymousUser; Credentials: [PROTECTED]; Authenticated: true; Details: org.springframework.security.web.authentication.WebAuthenticationDetails@957e: RemoteIpAddress: 127.0.0.1; SessionId: null; Granted Authorities: ROLE_ANONYMOUS
2026-05-07 09:21:56.453 DEBUG 3471138 --- [nio-8080-exec-3] o.s.s.w.a.i.FilterSecurityInterceptor    : Authorization successful
2026-05-07 09:21:56.453 DEBUG 3471138 --- [nio-8080-exec-3] o.s.s.w.a.i.FilterSecurityInterceptor    : RunAsManager did not change Authentication object
2026-05-07 09:21:56.466 DEBUG 3471138 --- [nio-8080-exec-2] o.s.s.w.a.ExceptionTranslationFilter     : Access is denied (user is anonymous); redirecting to authentication entry point
	at org.springframework.security.web.authentication.AnonymousAuthenticationFilter.doFilter(AnonymousAuthenticationFilter.java:111) [spring-security-web-5.0.11.RELEASE.jar:5.0.11.RELEASE]
	at org.springframework.security.oauth2.provider.authentication.OAuth2AuthenticationProcessingFilter.doFilter(OAuth2AuthenticationProcessingFilter.java:176) [spring-security-oauth2-2.3.6.RELEASE.jar:na]
	at org.springframework.security.web.authentication.logout.LogoutFilter.doFilter(LogoutFilter.java:116) [spring-security-web-5.0.11.RELEASE.jar:5.0.11.RELEASE]
	at org.apache.catalina.authenticator.AuthenticatorBase.invoke(AuthenticatorBase.java:493) [tomcat-embed-core-8.5.37.jar:8.5.37]
	at org.apache.catalina.valves.ErrorReportValve.invoke(ErrorReportValve.java:81) [tomcat-embed-core-8.5.37.jar:8.5.37]
2026-05-07 09:21:56.496 DEBUG 3471138 --- [nio-8080-exec-2] o.s.s.w.a.ExceptionTranslationFilter     : Calling Authentication entry point.
2026-05-07 09:21:56.561 DEBUG 3471138 --- [nio-8080-exec-2] s.s.o.p.e.DefaultOAuth2ExceptionRenderer : Written [error="unauthorized", error_description="Full authentication is required to access this resource"] as "application/json;charset=UTF-8" using [org.springframework.http.converter.json.MappingJackson2HttpMessageConverter@6f1c412b]
2026-05-07 09:21:56.615 DEBUG 3471138 --- [nio-8080-exec-6] o.s.security.web.FilterChainProxy        : /csrf at position 5 of 11 in additional filter chain; firing Filter: 'OAuth2AuthenticationProcessingFilter'
2026-05-07 09:21:56.615 DEBUG 3471138 --- [nio-8080-exec-6] o.s.s.o.p.a.BearerTokenExtractor         : Token not found in headers. Trying request parameters.
2026-05-07 09:21:56.615 DEBUG 3471138 --- [nio-8080-exec-6] o.s.s.o.p.a.BearerTokenExtractor         : Token not found in request parameters.  Not an OAuth2 request.
2026-05-07 09:21:56.615 DEBUG 3471138 --- [nio-8080-exec-6] p.a.OAuth2AuthenticationProcessingFilter : No token in request, will continue chain.
2026-05-07 09:21:56.615 DEBUG 3471138 --- [nio-8080-exec-6] o.s.security.web.FilterChainProxy        : /csrf at position 8 of 11 in additional filter chain; firing Filter: 'AnonymousAuthenticationFilter'
2026-05-07 09:21:56.616 DEBUG 3471138 --- [nio-8080-exec-6] o.s.s.w.a.AnonymousAuthenticationFilter  : Populated SecurityContextHolder with anonymous token: 'org.springframework.security.authentication.AnonymousAuthenticationToken@8b5d8115: Principal: anonymousUser; Credentials: [PROTECTED]; Authenticated: true; Details: org.springframework.security.web.authentication.WebAuthenticationDetails@957e: RemoteIpAddress: 127.0.0.1; SessionId: null; Granted Authorities: ROLE_ANONYMOUS'
2026-05-07 09:21:56.621 DEBUG 3471138 --- [nio-8080-exec-6] o.s.s.w.a.i.FilterSecurityInterceptor    : Secure object: FilterInvocation: URL: /csrf; Attributes: [#oauth2.throwOnError(authenticated)]
2026-05-07 09:21:56.621 DEBUG 3471138 --- [nio-8080-exec-6] o.s.s.w.a.i.FilterSecurityInterceptor    : Previously Authenticated: org.springframework.security.authentication.AnonymousAuthenticationToken@8b5d8115: Principal: anonymousUser; Credentials: [PROTECTED]; Authenticated: true; Details: org.springframework.security.web.authentication.WebAuthenticationDetails@957e: RemoteIpAddress: 127.0.0.1; SessionId: null; Granted Authorities: ROLE_ANONYMOUS
2026-05-07 09:21:56.625 DEBUG 3471138 --- [nio-8080-exec-6] o.s.s.w.a.ExceptionTranslationFilter     : Access is denied (user is anonymous); redirecting to authentication entry point
	at org.springframework.security.web.authentication.AnonymousAuthenticationFilter.doFilter(AnonymousAuthenticationFilter.java:111) [spring-security-web-5.0.11.RELEASE.jar:5.0.11.RELEASE]
	at org.springframework.security.oauth2.provider.authentication.OAuth2AuthenticationProcessingFilter.doFilter(OAuth2AuthenticationProcessingFilter.java:176) [spring-security-oauth2-2.3.6.RELEASE.jar:na]
	at org.springframework.security.web.authentication.logout.LogoutFilter.doFilter(LogoutFilter.java:116) [spring-security-web-5.0.11.RELEASE.jar:5.0.11.RELEASE]
	at org.apache.catalina.authenticator.AuthenticatorBase.invoke(AuthenticatorBase.java:493) [tomcat-embed-core-8.5.37.jar:8.5.37]
	at org.apache.catalina.valves.ErrorReportValve.invoke(ErrorReportValve.java:81) [tomcat-embed-core-8.5.37.jar:8.5.37]
2026-05-07 09:21:56.626 DEBUG 3471138 --- [nio-8080-exec-6] o.s.s.w.a.ExceptionTranslationFilter     : Calling Authentication entry point.
2026-05-07 09:21:56.633 DEBUG 3471138 --- [nio-8080-exec-6] s.s.o.p.e.DefaultOAuth2ExceptionRenderer : Written [error="unauthorized", error_description="Full authentication is required to access this resource"] as "application/json;charset=UTF-8" using [org.springframework.http.converter.json.MappingJackson2HttpMessageConverter@6f1c412b]
2026-05-07 09:21:57.013 DEBUG 3471138 --- [nio-8080-exec-4] o.s.security.web.FilterChainProxy        : /webjars/springfox-swagger-ui/fonts/open-sans-v15-latin-700.woff2 at position 5 of 11 in additional filter chain; firing Filter: 'OAuth2AuthenticationProcessingFilter'
2026-05-07 09:21:57.013 DEBUG 3471138 --- [nio-8080-exec-4] o.s.s.o.p.a.BearerTokenExtractor         : Token not found in headers. Trying request parameters.
2026-05-07 09:21:57.014 DEBUG 3471138 --- [nio-8080-exec-4] o.s.s.o.p.a.BearerTokenExtractor         : Token not found in request parameters.  Not an OAuth2 request.
2026-05-07 09:21:57.014 DEBUG 3471138 --- [nio-8080-exec-4] p.a.OAuth2AuthenticationProcessingFilter : No token in request, will continue chain.
2026-05-07 09:21:57.015 DEBUG 3471138 --- [nio-8080-exec-4] o.s.security.web.FilterChainProxy        : /webjars/springfox-swagger-ui/fonts/open-sans-v15-latin-700.woff2 at position 8 of 11 in additional filter chain; firing Filter: 'AnonymousAuthenticationFilter'
2026-05-07 09:21:57.015 DEBUG 3471138 --- [nio-8080-exec-4] o.s.s.w.a.AnonymousAuthenticationFilter  : Populated SecurityContextHolder with anonymous token: 'org.springframework.security.authentication.AnonymousAuthenticationToken@8b5d8115: Principal: anonymousUser; Credentials: [PROTECTED]; Authenticated: true; Details: org.springframework.security.web.authentication.WebAuthenticationDetails@957e: RemoteIpAddress: 127.0.0.1; SessionId: null; Granted Authorities: ROLE_ANONYMOUS'
2026-05-07 09:21:57.016 DEBUG 3471138 --- [nio-8080-exec-7] o.s.security.web.FilterChainProxy        : /webjars/springfox-swagger-ui/fonts/source-code-pro-v7-latin-300.woff2 at position 5 of 11 in additional filter chain; firing Filter: 'OAuth2AuthenticationProcessingFilter'
2026-05-07 09:21:57.017 DEBUG 3471138 --- [nio-8080-exec-7] o.s.s.o.p.a.BearerTokenExtractor         : Token not found in headers. Trying request parameters.
2026-05-07 09:21:57.017 DEBUG 3471138 --- [nio-8080-exec-7] o.s.s.o.p.a.BearerTokenExtractor         : Token not found in request parameters.  Not an OAuth2 request.
2026-05-07 09:21:57.017 DEBUG 3471138 --- [nio-8080-exec-7] p.a.OAuth2AuthenticationProcessingFilter : No token in request, will continue chain.
2026-05-07 09:21:57.017 DEBUG 3471138 --- [nio-8080-exec-7] o.s.security.web.FilterChainProxy        : /webjars/springfox-swagger-ui/fonts/source-code-pro-v7-latin-300.woff2 at position 8 of 11 in additional filter chain; firing Filter: 'AnonymousAuthenticationFilter'
2026-05-07 09:21:57.018 DEBUG 3471138 --- [nio-8080-exec-7] o.s.s.w.a.AnonymousAuthenticationFilter  : Populated SecurityContextHolder with anonymous token: 'org.springframework.security.authentication.AnonymousAuthenticationToken@8b5d8115: Principal: anonymousUser; Credentials: [PROTECTED]; Authenticated: true; Details: org.springframework.security.web.authentication.WebAuthenticationDetails@957e: RemoteIpAddress: 127.0.0.1; SessionId: null; Granted Authorities: ROLE_ANONYMOUS'
2026-05-07 09:21:57.020 DEBUG 3471138 --- [nio-8080-exec-7] o.s.s.w.a.i.FilterSecurityInterceptor    : Secure object: FilterInvocation: URL: /webjars/springfox-swagger-ui/fonts/source-code-pro-v7-latin-300.woff2; Attributes: [#oauth2.throwOnError(permitAll)]
2026-05-07 09:21:57.020 DEBUG 3471138 --- [nio-8080-exec-7] o.s.s.w.a.i.FilterSecurityInterceptor    : Previously Authenticated: org.springframework.security.authentication.AnonymousAuthenticationToken@8b5d8115: Principal: anonymousUser; Credentials: [PROTECTED]; Authenticated: true; Details: org.springframework.security.web.authentication.WebAuthenticationDetails@957e: RemoteIpAddress: 127.0.0.1; SessionId: null; Granted Authorities: ROLE_ANONYMOUS
2026-05-07 09:21:57.022 DEBUG 3471138 --- [nio-8080-exec-4] o.s.s.w.a.i.FilterSecurityInterceptor    : Secure object: FilterInvocation: URL: /webjars/springfox-swagger-ui/fonts/open-sans-v15-latin-700.woff2; Attributes: [#oauth2.throwOnError(permitAll)]
2026-05-07 09:21:57.022 DEBUG 3471138 --- [nio-8080-exec-7] o.s.s.w.a.i.FilterSecurityInterceptor    : Authorization successful
2026-05-07 09:21:57.023 DEBUG 3471138 --- [nio-8080-exec-7] o.s.s.w.a.i.FilterSecurityInterceptor    : RunAsManager did not change Authentication object
2026-05-07 09:21:57.023 DEBUG 3471138 --- [nio-8080-exec-4] o.s.s.w.a.i.FilterSecurityInterceptor    : Previously Authenticated: org.springframework.security.authentication.AnonymousAuthenticationToken@8b5d8115: Principal: anonymousUser; Credentials: [PROTECTED]; Authenticated: true; Details: org.springframework.security.web.authentication.WebAuthenticationDetails@957e: RemoteIpAddress: 127.0.0.1; SessionId: null; Granted Authorities: ROLE_ANONYMOUS
2026-05-07 09:21:57.024 DEBUG 3471138 --- [nio-8080-exec-4] o.s.s.w.a.i.FilterSecurityInterceptor    : Authorization successful
2026-05-07 09:21:57.025 DEBUG 3471138 --- [nio-8080-exec-4] o.s.s.w.a.i.FilterSecurityInterceptor    : RunAsManager did not change Authentication object
2026-05-07 09:22:23.507 DEBUG 3471138 --- [nio-8080-exec-8] o.s.security.web.FilterChainProxy        : /webjars/springfox-swagger-ui/fonts/titillium-web-v6-latin-600.woff2 at position 5 of 11 in additional filter chain; firing Filter: 'OAuth2AuthenticationProcessingFilter'
2026-05-07 09:22:23.508 DEBUG 3471138 --- [nio-8080-exec-8] o.s.s.o.p.a.BearerTokenExtractor         : Token not found in headers. Trying request parameters.
2026-05-07 09:22:23.508 DEBUG 3471138 --- [nio-8080-exec-8] o.s.s.o.p.a.BearerTokenExtractor         : Token not found in request parameters.  Not an OAuth2 request.
2026-05-07 09:22:23.508 DEBUG 3471138 --- [nio-8080-exec-8] p.a.OAuth2AuthenticationProcessingFilter : No token in request, will continue chain.
2026-05-07 09:22:23.508 DEBUG 3471138 --- [nio-8080-exec-8] o.s.security.web.FilterChainProxy        : /webjars/springfox-swagger-ui/fonts/titillium-web-v6-latin-600.woff2 at position 8 of 11 in additional filter chain; firing Filter: 'AnonymousAuthenticationFilter'
2026-05-07 09:22:23.508 DEBUG 3471138 --- [nio-8080-exec-8] o.s.s.w.a.AnonymousAuthenticationFilter  : Populated SecurityContextHolder with anonymous token: 'org.springframework.security.authentication.AnonymousAuthenticationToken@8b5d8115: Principal: anonymousUser; Credentials: [PROTECTED]; Authenticated: true; Details: org.springframework.security.web.authentication.WebAuthenticationDetails@957e: RemoteIpAddress: 127.0.0.1; SessionId: null; Granted Authorities: ROLE_ANONYMOUS'
2026-05-07 09:22:23.511 DEBUG 3471138 --- [nio-8080-exec-8] o.s.s.w.a.i.FilterSecurityInterceptor    : Secure object: FilterInvocation: URL: /webjars/springfox-swagger-ui/fonts/titillium-web-v6-latin-600.woff2; Attributes: [#oauth2.throwOnError(permitAll)]
2026-05-07 09:22:23.511 DEBUG 3471138 --- [nio-8080-exec-8] o.s.s.w.a.i.FilterSecurityInterceptor    : Previously Authenticated: org.springframework.security.authentication.AnonymousAuthenticationToken@8b5d8115: Principal: anonymousUser; Credentials: [PROTECTED]; Authenticated: true; Details: org.springframework.security.web.authentication.WebAuthenticationDetails@957e: RemoteIpAddress: 127.0.0.1; SessionId: null; Granted Authorities: ROLE_ANONYMOUS
2026-05-07 09:22:23.512 DEBUG 3471138 --- [nio-8080-exec-8] o.s.s.w.a.i.FilterSecurityInterceptor    : Authorization successful
2026-05-07 09:22:23.512 DEBUG 3471138 --- [nio-8080-exec-8] o.s.s.w.a.i.FilterSecurityInterceptor    : RunAsManager did not change Authentication object
2026-05-07 09:22:27.721 DEBUG 3471138 --- [nio-8080-exec-9] o.s.security.web.FilterChainProxy        : /webjars/springfox-swagger-ui/fonts/source-code-pro-v7-latin-600.woff2 at position 5 of 11 in additional filter chain; firing Filter: 'OAuth2AuthenticationProcessingFilter'
2026-05-07 09:22:27.721 DEBUG 3471138 --- [nio-8080-exec-9] o.s.s.o.p.a.BearerTokenExtractor         : Token not found in headers. Trying request parameters.
2026-05-07 09:22:27.722 DEBUG 3471138 --- [nio-8080-exec-9] o.s.s.o.p.a.BearerTokenExtractor         : Token not found in request parameters.  Not an OAuth2 request.
2026-05-07 09:22:27.722 DEBUG 3471138 --- [nio-8080-exec-9] p.a.OAuth2AuthenticationProcessingFilter : No token in request, will continue chain.
2026-05-07 09:22:27.722 DEBUG 3471138 --- [nio-8080-exec-9] o.s.security.web.FilterChainProxy        : /webjars/springfox-swagger-ui/fonts/source-code-pro-v7-latin-600.woff2 at position 8 of 11 in additional filter chain; firing Filter: 'AnonymousAuthenticationFilter'
2026-05-07 09:22:27.722 DEBUG 3471138 --- [nio-8080-exec-9] o.s.s.w.a.AnonymousAuthenticationFilter  : Populated SecurityContextHolder with anonymous token: 'org.springframework.security.authentication.AnonymousAuthenticationToken@8b5d8115: Principal: anonymousUser; Credentials: [PROTECTED]; Authenticated: true; Details: org.springframework.security.web.authentication.WebAuthenticationDetails@957e: RemoteIpAddress: 127.0.0.1; SessionId: null; Granted Authorities: ROLE_ANONYMOUS'
2026-05-07 09:22:27.724 DEBUG 3471138 --- [nio-8080-exec-9] o.s.s.w.a.i.FilterSecurityInterceptor    : Secure object: FilterInvocation: URL: /webjars/springfox-swagger-ui/fonts/source-code-pro-v7-latin-600.woff2; Attributes: [#oauth2.throwOnError(permitAll)]
2026-05-07 09:22:27.725 DEBUG 3471138 --- [nio-8080-exec-9] o.s.s.w.a.i.FilterSecurityInterceptor    : Previously Authenticated: org.springframework.security.authentication.AnonymousAuthenticationToken@8b5d8115: Principal: anonymousUser; Credentials: [PROTECTED]; Authenticated: true; Details: org.springframework.security.web.authentication.WebAuthenticationDetails@957e: RemoteIpAddress: 127.0.0.1; SessionId: null; Granted Authorities: ROLE_ANONYMOUS
2026-05-07 09:22:27.725 DEBUG 3471138 --- [nio-8080-exec-9] o.s.s.w.a.i.FilterSecurityInterceptor    : Authorization successful
2026-05-07 09:22:27.725 DEBUG 3471138 --- [nio-8080-exec-9] o.s.s.w.a.i.FilterSecurityInterceptor    : RunAsManager did not change Authentication object
2026-05-07 09:22:27.834 DEBUG 3471138 --- [io-8080-exec-10] o.s.security.web.FilterChainProxy        : /webjars/springfox-swagger-ui/fonts/titillium-web-v6-latin-regular.woff2 at position 5 of 11 in additional filter chain; firing Filter: 'OAuth2AuthenticationProcessingFilter'
2026-05-07 09:22:27.834 DEBUG 3471138 --- [io-8080-exec-10] o.s.s.o.p.a.BearerTokenExtractor         : Token not found in headers. Trying request parameters.
2026-05-07 09:22:27.834 DEBUG 3471138 --- [io-8080-exec-10] o.s.s.o.p.a.BearerTokenExtractor         : Token not found in request parameters.  Not an OAuth2 request.
2026-05-07 09:22:27.834 DEBUG 3471138 --- [io-8080-exec-10] p.a.OAuth2AuthenticationProcessingFilter : No token in request, will continue chain.
2026-05-07 09:22:27.835 DEBUG 3471138 --- [io-8080-exec-10] o.s.security.web.FilterChainProxy        : /webjars/springfox-swagger-ui/fonts/titillium-web-v6-latin-regular.woff2 at position 8 of 11 in additional filter chain; firing Filter: 'AnonymousAuthenticationFilter'
2026-05-07 09:22:27.835 DEBUG 3471138 --- [io-8080-exec-10] o.s.s.w.a.AnonymousAuthenticationFilter  : Populated SecurityContextHolder with anonymous token: 'org.springframework.security.authentication.AnonymousAuthenticationToken@8b5d8115: Principal: anonymousUser; Credentials: [PROTECTED]; Authenticated: true; Details: org.springframework.security.web.authentication.WebAuthenticationDetails@957e: RemoteIpAddress: 127.0.0.1; SessionId: null; Granted Authorities: ROLE_ANONYMOUS'
2026-05-07 09:22:27.837 DEBUG 3471138 --- [io-8080-exec-10] o.s.s.w.a.i.FilterSecurityInterceptor    : Secure object: FilterInvocation: URL: /webjars/springfox-swagger-ui/fonts/titillium-web-v6-latin-regular.woff2; Attributes: [#oauth2.throwOnError(permitAll)]
2026-05-07 09:22:27.837 DEBUG 3471138 --- [io-8080-exec-10] o.s.s.w.a.i.FilterSecurityInterceptor    : Previously Authenticated: org.springframework.security.authentication.AnonymousAuthenticationToken@8b5d8115: Principal: anonymousUser; Credentials: [PROTECTED]; Authenticated: true; Details: org.springframework.security.web.authentication.WebAuthenticationDetails@957e: RemoteIpAddress: 127.0.0.1; SessionId: null; Granted Authorities: ROLE_ANONYMOUS
2026-05-07 09:22:27.838 DEBUG 3471138 --- [io-8080-exec-10] o.s.s.w.a.i.FilterSecurityInterceptor    : Authorization successful
2026-05-07 09:22:27.838 DEBUG 3471138 --- [io-8080-exec-10] o.s.s.w.a.i.FilterSecurityInterceptor    : RunAsManager did not change Authentication object
2026-05-07 09:22:29.871 DEBUG 3471138 --- [nio-8080-exec-5] o.s.security.web.FilterChainProxy        : /Assignment at position 5 of 11 in additional filter chain; firing Filter: 'OAuth2AuthenticationProcessingFilter'
2026-05-07 09:22:29.872 DEBUG 3471138 --- [nio-8080-exec-5] o.s.s.o.p.a.BearerTokenExtractor         : Token not found in headers. Trying request parameters.
2026-05-07 09:22:29.872 DEBUG 3471138 --- [nio-8080-exec-5] o.s.s.o.p.a.BearerTokenExtractor         : Token not found in request parameters.  Not an OAuth2 request.
2026-05-07 09:22:29.872 DEBUG 3471138 --- [nio-8080-exec-5] p.a.OAuth2AuthenticationProcessingFilter : No token in request, will continue chain.
2026-05-07 09:22:29.873 DEBUG 3471138 --- [nio-8080-exec-5] o.s.security.web.FilterChainProxy        : /Assignment at position 8 of 11 in additional filter chain; firing Filter: 'AnonymousAuthenticationFilter'
2026-05-07 09:22:29.873 DEBUG 3471138 --- [nio-8080-exec-5] o.s.s.w.a.AnonymousAuthenticationFilter  : Populated SecurityContextHolder with anonymous token: 'org.springframework.security.authentication.AnonymousAuthenticationToken@8b5d8115: Principal: anonymousUser; Credentials: [PROTECTED]; Authenticated: true; Details: org.springframework.security.web.authentication.WebAuthenticationDetails@957e: RemoteIpAddress: 127.0.0.1; SessionId: null; Granted Authorities: ROLE_ANONYMOUS'
2026-05-07 09:22:29.875 DEBUG 3471138 --- [nio-8080-exec-5] o.s.s.w.a.i.FilterSecurityInterceptor    : Secure object: FilterInvocation: URL: /Assignment; Attributes: [#oauth2.throwOnError(authenticated)]
2026-05-07 09:22:29.875 DEBUG 3471138 --- [nio-8080-exec-5] o.s.s.w.a.i.FilterSecurityInterceptor    : Previously Authenticated: org.springframework.security.authentication.AnonymousAuthenticationToken@8b5d8115: Principal: anonymousUser; Credentials: [PROTECTED]; Authenticated: true; Details: org.springframework.security.web.authentication.WebAuthenticationDetails@957e: RemoteIpAddress: 127.0.0.1; SessionId: null; Granted Authorities: ROLE_ANONYMOUS
2026-05-07 09:22:29.877 DEBUG 3471138 --- [nio-8080-exec-5] o.s.s.w.a.ExceptionTranslationFilter     : Access is denied (user is anonymous); redirecting to authentication entry point
	at org.springframework.security.web.authentication.AnonymousAuthenticationFilter.doFilter(AnonymousAuthenticationFilter.java:111) [spring-security-web-5.0.11.RELEASE.jar:5.0.11.RELEASE]
	at org.springframework.security.oauth2.provider.authentication.OAuth2AuthenticationProcessingFilter.doFilter(OAuth2AuthenticationProcessingFilter.java:176) [spring-security-oauth2-2.3.6.RELEASE.jar:na]
	at org.springframework.security.web.authentication.logout.LogoutFilter.doFilter(LogoutFilter.java:116) [spring-security-web-5.0.11.RELEASE.jar:5.0.11.RELEASE]
	at org.apache.catalina.authenticator.AuthenticatorBase.invoke(AuthenticatorBase.java:493) [tomcat-embed-core-8.5.37.jar:8.5.37]
	at org.apache.catalina.valves.ErrorReportValve.invoke(ErrorReportValve.java:81) [tomcat-embed-core-8.5.37.jar:8.5.37]
2026-05-07 09:22:29.877 DEBUG 3471138 --- [nio-8080-exec-5] o.s.s.w.a.ExceptionTranslationFilter     : Calling Authentication entry point.
2026-05-07 09:22:29.879 DEBUG 3471138 --- [nio-8080-exec-5] s.s.o.p.e.DefaultOAuth2ExceptionRenderer : Written [error="unauthorized", error_description="Full authentication is required to access this resource"] as "application/json;charset=UTF-8" using [org.springframework.http.converter.json.MappingJackson2HttpMessageConverter@6f1c412b]
2026-05-07 09:22:33.847 DEBUG 3471138 --- [nio-8080-exec-3] o.s.security.web.FilterChainProxy        : /BatchModule/Batch/4 at position 5 of 11 in additional filter chain; firing Filter: 'OAuth2AuthenticationProcessingFilter'
2026-05-07 09:22:33.847 DEBUG 3471138 --- [nio-8080-exec-3] o.s.s.o.p.a.BearerTokenExtractor         : Token not found in headers. Trying request parameters.
2026-05-07 09:22:33.848 DEBUG 3471138 --- [nio-8080-exec-3] o.s.s.o.p.a.BearerTokenExtractor         : Token not found in request parameters.  Not an OAuth2 request.
2026-05-07 09:22:33.848 DEBUG 3471138 --- [nio-8080-exec-3] p.a.OAuth2AuthenticationProcessingFilter : No token in request, will continue chain.
2026-05-07 09:22:33.848 DEBUG 3471138 --- [nio-8080-exec-3] o.s.security.web.FilterChainProxy        : /BatchModule/Batch/4 at position 8 of 11 in additional filter chain; firing Filter: 'AnonymousAuthenticationFilter'
2026-05-07 09:22:33.848 DEBUG 3471138 --- [nio-8080-exec-3] o.s.s.w.a.AnonymousAuthenticationFilter  : Populated SecurityContextHolder with anonymous token: 'org.springframework.security.authentication.AnonymousAuthenticationToken@8b5d8115: Principal: anonymousUser; Credentials: [PROTECTED]; Authenticated: true; Details: org.springframework.security.web.authentication.WebAuthenticationDetails@957e: RemoteIpAddress: 127.0.0.1; SessionId: null; Granted Authorities: ROLE_ANONYMOUS'
2026-05-07 09:22:33.851 DEBUG 3471138 --- [nio-8080-exec-3] o.s.s.w.a.i.FilterSecurityInterceptor    : Secure object: FilterInvocation: URL: /BatchModule/Batch/4; Attributes: [#oauth2.throwOnError(authenticated)]
2026-05-07 09:22:33.851 DEBUG 3471138 --- [nio-8080-exec-3] o.s.s.w.a.i.FilterSecurityInterceptor    : Previously Authenticated: org.springframework.security.authentication.AnonymousAuthenticationToken@8b5d8115: Principal: anonymousUser; Credentials: [PROTECTED]; Authenticated: true; Details: org.springframework.security.web.authentication.WebAuthenticationDetails@957e: RemoteIpAddress: 127.0.0.1; SessionId: null; Granted Authorities: ROLE_ANONYMOUS
2026-05-07 09:22:33.853 DEBUG 3471138 --- [nio-8080-exec-3] o.s.s.w.a.ExceptionTranslationFilter     : Access is denied (user is anonymous); redirecting to authentication entry point
	at org.springframework.security.web.authentication.AnonymousAuthenticationFilter.doFilter(AnonymousAuthenticationFilter.java:111) [spring-security-web-5.0.11.RELEASE.jar:5.0.11.RELEASE]
	at org.springframework.security.oauth2.provider.authentication.OAuth2AuthenticationProcessingFilter.doFilter(OAuth2AuthenticationProcessingFilter.java:176) [spring-security-oauth2-2.3.6.RELEASE.jar:na]
	at org.springframework.security.web.authentication.logout.LogoutFilter.doFilter(LogoutFilter.java:116) [spring-security-web-5.0.11.RELEASE.jar:5.0.11.RELEASE]
	at org.apache.catalina.authenticator.AuthenticatorBase.invoke(AuthenticatorBase.java:493) [tomcat-embed-core-8.5.37.jar:8.5.37]
	at org.apache.catalina.valves.ErrorReportValve.invoke(ErrorReportValve.java:81) [tomcat-embed-core-8.5.37.jar:8.5.37]
2026-05-07 09:22:33.854 DEBUG 3471138 --- [nio-8080-exec-3] o.s.s.w.a.ExceptionTranslationFilter     : Calling Authentication entry point.
2026-05-07 09:22:33.857 DEBUG 3471138 --- [nio-8080-exec-3] s.s.o.p.e.DefaultOAuth2ExceptionRenderer : Written [error="unauthorized", error_description="Full authentication is required to access this resource"] as "application/json;charset=UTF-8" using [org.springframework.http.converter.json.MappingJackson2HttpMessageConverter@6f1c412b]
2026-05-07 09:22:34.803 DEBUG 3471138 --- [nio-8080-exec-2] o.s.security.web.FilterChainProxy        : /web/rest/BatchModuleTrainer/Batch/4 at position 5 of 11 in additional filter chain; firing Filter: 'OAuth2AuthenticationProcessingFilter'
2026-05-07 09:22:34.803 DEBUG 3471138 --- [nio-8080-exec-2] o.s.s.o.p.a.BearerTokenExtractor         : Token not found in headers. Trying request parameters.
2026-05-07 09:22:34.803 DEBUG 3471138 --- [nio-8080-exec-2] o.s.s.o.p.a.BearerTokenExtractor         : Token not found in request parameters.  Not an OAuth2 request.
2026-05-07 09:22:34.803 DEBUG 3471138 --- [nio-8080-exec-2] p.a.OAuth2AuthenticationProcessingFilter : No token in request, will continue chain.
2026-05-07 09:22:34.804 DEBUG 3471138 --- [nio-8080-exec-2] o.s.security.web.FilterChainProxy        : /web/rest/BatchModuleTrainer/Batch/4 at position 8 of 11 in additional filter chain; firing Filter: 'AnonymousAuthenticationFilter'
2026-05-07 09:22:34.804 DEBUG 3471138 --- [nio-8080-exec-2] o.s.s.w.a.AnonymousAuthenticationFilter  : Populated SecurityContextHolder with anonymous token: 'org.springframework.security.authentication.AnonymousAuthenticationToken@8b5d8115: Principal: anonymousUser; Credentials: [PROTECTED]; Authenticated: true; Details: org.springframework.security.web.authentication.WebAuthenticationDetails@957e: RemoteIpAddress: 127.0.0.1; SessionId: null; Granted Authorities: ROLE_ANONYMOUS'
2026-05-07 09:22:34.806 DEBUG 3471138 --- [nio-8080-exec-2] o.s.s.w.a.i.FilterSecurityInterceptor    : Secure object: FilterInvocation: URL: /web/rest/BatchModuleTrainer/Batch/4; Attributes: [#oauth2.throwOnError(authenticated)]
2026-05-07 09:22:34.806 DEBUG 3471138 --- [nio-8080-exec-2] o.s.s.w.a.i.FilterSecurityInterceptor    : Previously Authenticated: org.springframework.security.authentication.AnonymousAuthenticationToken@8b5d8115: Principal: anonymousUser; Credentials: [PROTECTED]; Authenticated: true; Details: org.springframework.security.web.authentication.WebAuthenticationDetails@957e: RemoteIpAddress: 127.0.0.1; SessionId: null; Granted Authorities: ROLE_ANONYMOUS
2026-05-07 09:22:34.808 DEBUG 3471138 --- [nio-8080-exec-2] o.s.s.w.a.ExceptionTranslationFilter     : Access is denied (user is anonymous); redirecting to authentication entry point
	at org.springframework.security.web.authentication.AnonymousAuthenticationFilter.doFilter(AnonymousAuthenticationFilter.java:111) [spring-security-web-5.0.11.RELEASE.jar:5.0.11.RELEASE]
	at org.springframework.security.oauth2.provider.authentication.OAuth2AuthenticationProcessingFilter.doFilter(OAuth2AuthenticationProcessingFilter.java:176) [spring-security-oauth2-2.3.6.RELEASE.jar:na]
	at org.springframework.security.web.authentication.logout.LogoutFilter.doFilter(LogoutFilter.java:116) [spring-security-web-5.0.11.RELEASE.jar:5.0.11.RELEASE]
	at org.apache.catalina.authenticator.AuthenticatorBase.invoke(AuthenticatorBase.java:493) [tomcat-embed-core-8.5.37.jar:8.5.37]
	at org.apache.catalina.valves.ErrorReportValve.invoke(ErrorReportValve.java:81) [tomcat-embed-core-8.5.37.jar:8.5.37]
2026-05-07 09:22:34.809 DEBUG 3471138 --- [nio-8080-exec-2] o.s.s.w.a.ExceptionTranslationFilter     : Calling Authentication entry point.
2026-05-07 09:22:34.811 DEBUG 3471138 --- [nio-8080-exec-2] s.s.o.p.e.DefaultOAuth2ExceptionRenderer : Written [error="unauthorized", error_description="Full authentication is required to access this resource"] as "application/json;charset=UTF-8" using [org.springframework.http.converter.json.MappingJackson2HttpMessageConverter@6f1c412b]
2026-05-07 09:22:35.770 DEBUG 3471138 --- [nio-8080-exec-6] o.s.security.web.FilterChainProxy        : /BatchModule/Batch/4 at position 5 of 11 in additional filter chain; firing Filter: 'OAuth2AuthenticationProcessingFilter'
2026-05-07 09:22:35.770 DEBUG 3471138 --- [nio-8080-exec-6] o.s.s.o.p.a.BearerTokenExtractor         : Token not found in headers. Trying request parameters.
2026-05-07 09:22:35.771 DEBUG 3471138 --- [nio-8080-exec-6] o.s.s.o.p.a.BearerTokenExtractor         : Token not found in request parameters.  Not an OAuth2 request.
2026-05-07 09:22:35.771 DEBUG 3471138 --- [nio-8080-exec-6] p.a.OAuth2AuthenticationProcessingFilter : No token in request, will continue chain.
2026-05-07 09:22:35.771 DEBUG 3471138 --- [nio-8080-exec-6] o.s.security.web.FilterChainProxy        : /BatchModule/Batch/4 at position 8 of 11 in additional filter chain; firing Filter: 'AnonymousAuthenticationFilter'
2026-05-07 09:22:35.772 DEBUG 3471138 --- [nio-8080-exec-6] o.s.s.w.a.AnonymousAuthenticationFilter  : Populated SecurityContextHolder with anonymous token: 'org.springframework.security.authentication.AnonymousAuthenticationToken@8b5d8115: Principal: anonymousUser; Credentials: [PROTECTED]; Authenticated: true; Details: org.springframework.security.web.authentication.WebAuthenticationDetails@957e: RemoteIpAddress: 127.0.0.1; SessionId: null; Granted Authorities: ROLE_ANONYMOUS'
2026-05-07 09:22:35.775 DEBUG 3471138 --- [nio-8080-exec-6] o.s.s.w.a.i.FilterSecurityInterceptor    : Secure object: FilterInvocation: URL: /BatchModule/Batch/4; Attributes: [#oauth2.throwOnError(authenticated)]
2026-05-07 09:22:35.775 DEBUG 3471138 --- [nio-8080-exec-6] o.s.s.w.a.i.FilterSecurityInterceptor    : Previously Authenticated: org.springframework.security.authentication.AnonymousAuthenticationToken@8b5d8115: Principal: anonymousUser; Credentials: [PROTECTED]; Authenticated: true; Details: org.springframework.security.web.authentication.WebAuthenticationDetails@957e: RemoteIpAddress: 127.0.0.1; SessionId: null; Granted Authorities: ROLE_ANONYMOUS
2026-05-07 09:22:35.776 DEBUG 3471138 --- [nio-8080-exec-6] o.s.s.w.a.ExceptionTranslationFilter     : Access is denied (user is anonymous); redirecting to authentication entry point
	at org.springframework.security.web.authentication.AnonymousAuthenticationFilter.doFilter(AnonymousAuthenticationFilter.java:111) [spring-security-web-5.0.11.RELEASE.jar:5.0.11.RELEASE]
	at org.springframework.security.oauth2.provider.authentication.OAuth2AuthenticationProcessingFilter.doFilter(OAuth2AuthenticationProcessingFilter.java:176) [spring-security-oauth2-2.3.6.RELEASE.jar:na]
	at org.springframework.security.web.authentication.logout.LogoutFilter.doFilter(LogoutFilter.java:116) [spring-security-web-5.0.11.RELEASE.jar:5.0.11.RELEASE]
	at org.apache.catalina.authenticator.AuthenticatorBase.invoke(AuthenticatorBase.java:493) [tomcat-embed-core-8.5.37.jar:8.5.37]
	at org.apache.catalina.valves.ErrorReportValve.invoke(ErrorReportValve.java:81) [tomcat-embed-core-8.5.37.jar:8.5.37]
2026-05-07 09:22:35.777 DEBUG 3471138 --- [nio-8080-exec-6] o.s.s.w.a.ExceptionTranslationFilter     : Calling Authentication entry point.
2026-05-07 09:22:35.779 DEBUG 3471138 --- [nio-8080-exec-6] s.s.o.p.e.DefaultOAuth2ExceptionRenderer : Written [error="unauthorized", error_description="Full authentication is required to access this resource"] as "application/json;charset=UTF-8" using [org.springframework.http.converter.json.MappingJackson2HttpMessageConverter@6f1c412b]
2026-05-07 09:22:37.237 DEBUG 3471138 --- [nio-8080-exec-1] o.s.security.web.FilterChainProxy        : /Session/Batch/4 at position 5 of 11 in additional filter chain; firing Filter: 'OAuth2AuthenticationProcessingFilter'
2026-05-07 09:22:37.238 DEBUG 3471138 --- [nio-8080-exec-1] o.s.s.o.p.a.BearerTokenExtractor         : Token not found in headers. Trying request parameters.
2026-05-07 09:22:37.238 DEBUG 3471138 --- [nio-8080-exec-1] o.s.s.o.p.a.BearerTokenExtractor         : Token not found in request parameters.  Not an OAuth2 request.
2026-05-07 09:22:37.238 DEBUG 3471138 --- [nio-8080-exec-1] p.a.OAuth2AuthenticationProcessingFilter : No token in request, will continue chain.
2026-05-07 09:22:37.238 DEBUG 3471138 --- [nio-8080-exec-1] o.s.security.web.FilterChainProxy        : /Session/Batch/4 at position 8 of 11 in additional filter chain; firing Filter: 'AnonymousAuthenticationFilter'
2026-05-07 09:22:37.239 DEBUG 3471138 --- [nio-8080-exec-1] o.s.s.w.a.AnonymousAuthenticationFilter  : Populated SecurityContextHolder with anonymous token: 'org.springframework.security.authentication.AnonymousAuthenticationToken@8b5d8115: Principal: anonymousUser; Credentials: [PROTECTED]; Authenticated: true; Details: org.springframework.security.web.authentication.WebAuthenticationDetails@957e: RemoteIpAddress: 127.0.0.1; SessionId: null; Granted Authorities: ROLE_ANONYMOUS'
2026-05-07 09:22:37.242 DEBUG 3471138 --- [nio-8080-exec-1] o.s.s.w.a.i.FilterSecurityInterceptor    : Secure object: FilterInvocation: URL: /Session/Batch/4; Attributes: [#oauth2.throwOnError(authenticated)]
2026-05-07 09:22:37.242 DEBUG 3471138 --- [nio-8080-exec-1] o.s.s.w.a.i.FilterSecurityInterceptor    : Previously Authenticated: org.springframework.security.authentication.AnonymousAuthenticationToken@8b5d8115: Principal: anonymousUser; Credentials: [PROTECTED]; Authenticated: true; Details: org.springframework.security.web.authentication.WebAuthenticationDetails@957e: RemoteIpAddress: 127.0.0.1; SessionId: null; Granted Authorities: ROLE_ANONYMOUS
2026-05-07 09:22:37.244 DEBUG 3471138 --- [nio-8080-exec-1] o.s.s.w.a.ExceptionTranslationFilter     : Access is denied (user is anonymous); redirecting to authentication entry point
	at org.springframework.security.web.authentication.AnonymousAuthenticationFilter.doFilter(AnonymousAuthenticationFilter.java:111) [spring-security-web-5.0.11.RELEASE.jar:5.0.11.RELEASE]
	at org.springframework.security.oauth2.provider.authentication.OAuth2AuthenticationProcessingFilter.doFilter(OAuth2AuthenticationProcessingFilter.java:176) [spring-security-oauth2-2.3.6.RELEASE.jar:na]
	at org.springframework.security.web.authentication.logout.LogoutFilter.doFilter(LogoutFilter.java:116) [spring-security-web-5.0.11.RELEASE.jar:5.0.11.RELEASE]
	at org.apache.catalina.authenticator.AuthenticatorBase.invoke(AuthenticatorBase.java:493) [tomcat-embed-core-8.5.37.jar:8.5.37]
	at org.apache.catalina.valves.ErrorReportValve.invoke(ErrorReportValve.java:81) [tomcat-embed-core-8.5.37.jar:8.5.37]
2026-05-07 09:22:37.245 DEBUG 3471138 --- [nio-8080-exec-1] o.s.s.w.a.ExceptionTranslationFilter     : Calling Authentication entry point.
2026-05-07 09:22:37.247 DEBUG 3471138 --- [nio-8080-exec-1] s.s.o.p.e.DefaultOAuth2ExceptionRenderer : Written [error="unauthorized", error_description="Full authentication is required to access this resource"] as "application/json;charset=UTF-8" using [org.springframework.http.converter.json.MappingJackson2HttpMessageConverter@6f1c412b]
2026-05-07 09:22:38.141 DEBUG 3471138 --- [nio-8080-exec-7] o.s.security.web.FilterChainProxy        : /Enrollment/Batch/4 at position 5 of 11 in additional filter chain; firing Filter: 'OAuth2AuthenticationProcessingFilter'
2026-05-07 09:22:38.142 DEBUG 3471138 --- [nio-8080-exec-7] o.s.s.o.p.a.BearerTokenExtractor         : Token not found in headers. Trying request parameters.
2026-05-07 09:22:38.142 DEBUG 3471138 --- [nio-8080-exec-7] o.s.s.o.p.a.BearerTokenExtractor         : Token not found in request parameters.  Not an OAuth2 request.
2026-05-07 09:22:38.142 DEBUG 3471138 --- [nio-8080-exec-7] p.a.OAuth2AuthenticationProcessingFilter : No token in request, will continue chain.
2026-05-07 09:22:38.143 DEBUG 3471138 --- [nio-8080-exec-7] o.s.security.web.FilterChainProxy        : /Enrollment/Batch/4 at position 8 of 11 in additional filter chain; firing Filter: 'AnonymousAuthenticationFilter'
2026-05-07 09:22:38.143 DEBUG 3471138 --- [nio-8080-exec-7] o.s.s.w.a.AnonymousAuthenticationFilter  : Populated SecurityContextHolder with anonymous token: 'org.springframework.security.authentication.AnonymousAuthenticationToken@8b5d8115: Principal: anonymousUser; Credentials: [PROTECTED]; Authenticated: true; Details: org.springframework.security.web.authentication.WebAuthenticationDetails@957e: RemoteIpAddress: 127.0.0.1; SessionId: null; Granted Authorities: ROLE_ANONYMOUS'
2026-05-07 09:22:38.145 DEBUG 3471138 --- [nio-8080-exec-7] o.s.s.w.a.i.FilterSecurityInterceptor    : Secure object: FilterInvocation: URL: /Enrollment/Batch/4; Attributes: [#oauth2.throwOnError(authenticated)]
2026-05-07 09:22:38.146 DEBUG 3471138 --- [nio-8080-exec-7] o.s.s.w.a.i.FilterSecurityInterceptor    : Previously Authenticated: org.springframework.security.authentication.AnonymousAuthenticationToken@8b5d8115: Principal: anonymousUser; Credentials: [PROTECTED]; Authenticated: true; Details: org.springframework.security.web.authentication.WebAuthenticationDetails@957e: RemoteIpAddress: 127.0.0.1; SessionId: null; Granted Authorities: ROLE_ANONYMOUS
2026-05-07 09:22:38.148 DEBUG 3471138 --- [nio-8080-exec-7] o.s.s.w.a.ExceptionTranslationFilter     : Access is denied (user is anonymous); redirecting to authentication entry point
	at org.springframework.security.web.authentication.AnonymousAuthenticationFilter.doFilter(AnonymousAuthenticationFilter.java:111) [spring-security-web-5.0.11.RELEASE.jar:5.0.11.RELEASE]
	at org.springframework.security.oauth2.provider.authentication.OAuth2AuthenticationProcessingFilter.doFilter(OAuth2AuthenticationProcessingFilter.java:176) [spring-security-oauth2-2.3.6.RELEASE.jar:na]
	at org.springframework.security.web.authentication.logout.LogoutFilter.doFilter(LogoutFilter.java:116) [spring-security-web-5.0.11.RELEASE.jar:5.0.11.RELEASE]
	at org.apache.catalina.authenticator.AuthenticatorBase.invoke(AuthenticatorBase.java:493) [tomcat-embed-core-8.5.37.jar:8.5.37]
	at org.apache.catalina.valves.ErrorReportValve.invoke(ErrorReportValve.java:81) [tomcat-embed-core-8.5.37.jar:8.5.37]
2026-05-07 09:22:38.148 DEBUG 3471138 --- [nio-8080-exec-7] o.s.s.w.a.ExceptionTranslationFilter     : Calling Authentication entry point.
2026-05-07 09:22:38.151 DEBUG 3471138 --- [nio-8080-exec-7] s.s.o.p.e.DefaultOAuth2ExceptionRenderer : Written [error="unauthorized", error_description="Full authentication is required to access this resource"] as "application/json;charset=UTF-8" using [org.springframework.http.converter.json.MappingJackson2HttpMessageConverter@6f1c412b]
2026-05-07 09:22:38.885 DEBUG 3471138 --- [nio-8080-exec-4] o.s.security.web.FilterChainProxy        : /BatchModule/Batch/4 at position 5 of 11 in additional filter chain; firing Filter: 'OAuth2AuthenticationProcessingFilter'
2026-05-07 09:22:38.885 DEBUG 3471138 --- [nio-8080-exec-4] o.s.s.o.p.a.BearerTokenExtractor         : Token not found in headers. Trying request parameters.
2026-05-07 09:22:38.886 DEBUG 3471138 --- [nio-8080-exec-4] o.s.s.o.p.a.BearerTokenExtractor         : Token not found in request parameters.  Not an OAuth2 request.
2026-05-07 09:22:38.886 DEBUG 3471138 --- [nio-8080-exec-4] p.a.OAuth2AuthenticationProcessingFilter : No token in request, will continue chain.
2026-05-07 09:22:38.886 DEBUG 3471138 --- [nio-8080-exec-4] o.s.security.web.FilterChainProxy        : /BatchModule/Batch/4 at position 8 of 11 in additional filter chain; firing Filter: 'AnonymousAuthenticationFilter'
2026-05-07 09:22:38.886 DEBUG 3471138 --- [nio-8080-exec-4] o.s.s.w.a.AnonymousAuthenticationFilter  : Populated SecurityContextHolder with anonymous token: 'org.springframework.security.authentication.AnonymousAuthenticationToken@8b5d8115: Principal: anonymousUser; Credentials: [PROTECTED]; Authenticated: true; Details: org.springframework.security.web.authentication.WebAuthenticationDetails@957e: RemoteIpAddress: 127.0.0.1; SessionId: null; Granted Authorities: ROLE_ANONYMOUS'
2026-05-07 09:22:38.888 DEBUG 3471138 --- [nio-8080-exec-4] o.s.s.w.a.i.FilterSecurityInterceptor    : Secure object: FilterInvocation: URL: /BatchModule/Batch/4; Attributes: [#oauth2.throwOnError(authenticated)]
2026-05-07 09:22:38.888 DEBUG 3471138 --- [nio-8080-exec-4] o.s.s.w.a.i.FilterSecurityInterceptor    : Previously Authenticated: org.springframework.security.authentication.AnonymousAuthenticationToken@8b5d8115: Principal: anonymousUser; Credentials: [PROTECTED]; Authenticated: true; Details: org.springframework.security.web.authentication.WebAuthenticationDetails@957e: RemoteIpAddress: 127.0.0.1; SessionId: null; Granted Authorities: ROLE_ANONYMOUS
2026-05-07 09:22:38.889 DEBUG 3471138 --- [nio-8080-exec-4] o.s.s.w.a.ExceptionTranslationFilter     : Access is denied (user is anonymous); redirecting to authentication entry point
	at org.springframework.security.web.authentication.AnonymousAuthenticationFilter.doFilter(AnonymousAuthenticationFilter.java:111) [spring-security-web-5.0.11.RELEASE.jar:5.0.11.RELEASE]
	at org.springframework.security.oauth2.provider.authentication.OAuth2AuthenticationProcessingFilter.doFilter(OAuth2AuthenticationProcessingFilter.java:176) [spring-security-oauth2-2.3.6.RELEASE.jar:na]
	at org.springframework.security.web.authentication.logout.LogoutFilter.doFilter(LogoutFilter.java:116) [spring-security-web-5.0.11.RELEASE.jar:5.0.11.RELEASE]
	at org.apache.catalina.authenticator.AuthenticatorBase.invoke(AuthenticatorBase.java:493) [tomcat-embed-core-8.5.37.jar:8.5.37]
	at org.apache.catalina.valves.ErrorReportValve.invoke(ErrorReportValve.java:81) [tomcat-embed-core-8.5.37.jar:8.5.37]
2026-05-07 09:22:38.890 DEBUG 3471138 --- [nio-8080-exec-4] o.s.s.w.a.ExceptionTranslationFilter     : Calling Authentication entry point.
2026-05-07 09:22:38.891 DEBUG 3471138 --- [nio-8080-exec-4] s.s.o.p.e.DefaultOAuth2ExceptionRenderer : Written [error="unauthorized", error_description="Full authentication is required to access this resource"] as "application/json;charset=UTF-8" using [org.springframework.http.converter.json.MappingJackson2HttpMessageConverter@6f1c412b]
2026-05-07 09:22:39.558 DEBUG 3471138 --- [nio-8080-exec-8] o.s.security.web.FilterChainProxy        : /Session/Batch/4 at position 5 of 11 in additional filter chain; firing Filter: 'OAuth2AuthenticationProcessingFilter'
2026-05-07 09:22:39.558 DEBUG 3471138 --- [nio-8080-exec-8] o.s.s.o.p.a.BearerTokenExtractor         : Token not found in headers. Trying request parameters.
2026-05-07 09:22:39.558 DEBUG 3471138 --- [nio-8080-exec-8] o.s.s.o.p.a.BearerTokenExtractor         : Token not found in request parameters.  Not an OAuth2 request.
2026-05-07 09:22:39.558 DEBUG 3471138 --- [nio-8080-exec-8] p.a.OAuth2AuthenticationProcessingFilter : No token in request, will continue chain.
2026-05-07 09:22:39.559 DEBUG 3471138 --- [nio-8080-exec-8] o.s.security.web.FilterChainProxy        : /Session/Batch/4 at position 8 of 11 in additional filter chain; firing Filter: 'AnonymousAuthenticationFilter'
2026-05-07 09:22:39.559 DEBUG 3471138 --- [nio-8080-exec-8] o.s.s.w.a.AnonymousAuthenticationFilter  : Populated SecurityContextHolder with anonymous token: 'org.springframework.security.authentication.AnonymousAuthenticationToken@8b5d8115: Principal: anonymousUser; Credentials: [PROTECTED]; Authenticated: true; Details: org.springframework.security.web.authentication.WebAuthenticationDetails@957e: RemoteIpAddress: 127.0.0.1; SessionId: null; Granted Authorities: ROLE_ANONYMOUS'
2026-05-07 09:22:39.561 DEBUG 3471138 --- [nio-8080-exec-8] o.s.s.w.a.i.FilterSecurityInterceptor    : Secure object: FilterInvocation: URL: /Session/Batch/4; Attributes: [#oauth2.throwOnError(authenticated)]
2026-05-07 09:22:39.561 DEBUG 3471138 --- [nio-8080-exec-8] o.s.s.w.a.i.FilterSecurityInterceptor    : Previously Authenticated: org.springframework.security.authentication.AnonymousAuthenticationToken@8b5d8115: Principal: anonymousUser; Credentials: [PROTECTED]; Authenticated: true; Details: org.springframework.security.web.authentication.WebAuthenticationDetails@957e: RemoteIpAddress: 127.0.0.1; SessionId: null; Granted Authorities: ROLE_ANONYMOUS
2026-05-07 09:22:39.562 DEBUG 3471138 --- [nio-8080-exec-8] o.s.s.w.a.ExceptionTranslationFilter     : Access is denied (user is anonymous); redirecting to authentication entry point
	at org.springframework.security.web.authentication.AnonymousAuthenticationFilter.doFilter(AnonymousAuthenticationFilter.java:111) [spring-security-web-5.0.11.RELEASE.jar:5.0.11.RELEASE]
	at org.springframework.security.oauth2.provider.authentication.OAuth2AuthenticationProcessingFilter.doFilter(OAuth2AuthenticationProcessingFilter.java:176) [spring-security-oauth2-2.3.6.RELEASE.jar:na]
	at org.springframework.security.web.authentication.logout.LogoutFilter.doFilter(LogoutFilter.java:116) [spring-security-web-5.0.11.RELEASE.jar:5.0.11.RELEASE]
	at org.apache.catalina.authenticator.AuthenticatorBase.invoke(AuthenticatorBase.java:493) [tomcat-embed-core-8.5.37.jar:8.5.37]
	at org.apache.catalina.valves.ErrorReportValve.invoke(ErrorReportValve.java:81) [tomcat-embed-core-8.5.37.jar:8.5.37]
2026-05-07 09:22:39.562 DEBUG 3471138 --- [nio-8080-exec-8] o.s.s.w.a.ExceptionTranslationFilter     : Calling Authentication entry point.
2026-05-07 09:22:39.564 DEBUG 3471138 --- [nio-8080-exec-8] s.s.o.p.e.DefaultOAuth2ExceptionRenderer : Written [error="unauthorized", error_description="Full authentication is required to access this resource"] as "application/json;charset=UTF-8" using [org.springframework.http.converter.json.MappingJackson2HttpMessageConverter@6f1c412b]
2026-05-07 09:22:40.357 DEBUG 3471138 --- [nio-8080-exec-9] o.s.security.web.FilterChainProxy        : /Enrollment/Batch/4 at position 5 of 11 in additional filter chain; firing Filter: 'OAuth2AuthenticationProcessingFilter'
2026-05-07 09:22:40.357 DEBUG 3471138 --- [nio-8080-exec-9] o.s.s.o.p.a.BearerTokenExtractor         : Token not found in headers. Trying request parameters.
2026-05-07 09:22:40.357 DEBUG 3471138 --- [nio-8080-exec-9] o.s.s.o.p.a.BearerTokenExtractor         : Token not found in request parameters.  Not an OAuth2 request.
2026-05-07 09:22:40.358 DEBUG 3471138 --- [nio-8080-exec-9] p.a.OAuth2AuthenticationProcessingFilter : No token in request, will continue chain.
2026-05-07 09:22:40.358 DEBUG 3471138 --- [nio-8080-exec-9] o.s.security.web.FilterChainProxy        : /Enrollment/Batch/4 at position 8 of 11 in additional filter chain; firing Filter: 'AnonymousAuthenticationFilter'
2026-05-07 09:22:40.358 DEBUG 3471138 --- [nio-8080-exec-9] o.s.s.w.a.AnonymousAuthenticationFilter  : Populated SecurityContextHolder with anonymous token: 'org.springframework.security.authentication.AnonymousAuthenticationToken@8b5d8115: Principal: anonymousUser; Credentials: [PROTECTED]; Authenticated: true; Details: org.springframework.security.web.authentication.WebAuthenticationDetails@957e: RemoteIpAddress: 127.0.0.1; SessionId: null; Granted Authorities: ROLE_ANONYMOUS'
2026-05-07 09:22:40.360 DEBUG 3471138 --- [nio-8080-exec-9] o.s.s.w.a.i.FilterSecurityInterceptor    : Secure object: FilterInvocation: URL: /Enrollment/Batch/4; Attributes: [#oauth2.throwOnError(authenticated)]
2026-05-07 09:22:40.360 DEBUG 3471138 --- [nio-8080-exec-9] o.s.s.w.a.i.FilterSecurityInterceptor    : Previously Authenticated: org.springframework.security.authentication.AnonymousAuthenticationToken@8b5d8115: Principal: anonymousUser; Credentials: [PROTECTED]; Authenticated: true; Details: org.springframework.security.web.authentication.WebAuthenticationDetails@957e: RemoteIpAddress: 127.0.0.1; SessionId: null; Granted Authorities: ROLE_ANONYMOUS
2026-05-07 09:22:40.361 DEBUG 3471138 --- [nio-8080-exec-9] o.s.s.w.a.ExceptionTranslationFilter     : Access is denied (user is anonymous); redirecting to authentication entry point
	at org.springframework.security.web.authentication.AnonymousAuthenticationFilter.doFilter(AnonymousAuthenticationFilter.java:111) [spring-security-web-5.0.11.RELEASE.jar:5.0.11.RELEASE]
	at org.springframework.security.oauth2.provider.authentication.OAuth2AuthenticationProcessingFilter.doFilter(OAuth2AuthenticationProcessingFilter.java:176) [spring-security-oauth2-2.3.6.RELEASE.jar:na]
	at org.springframework.security.web.authentication.logout.LogoutFilter.doFilter(LogoutFilter.java:116) [spring-security-web-5.0.11.RELEASE.jar:5.0.11.RELEASE]
	at org.apache.catalina.authenticator.AuthenticatorBase.invoke(AuthenticatorBase.java:493) [tomcat-embed-core-8.5.37.jar:8.5.37]
	at org.apache.catalina.valves.ErrorReportValve.invoke(ErrorReportValve.java:81) [tomcat-embed-core-8.5.37.jar:8.5.37]
2026-05-07 09:22:40.362 DEBUG 3471138 --- [nio-8080-exec-9] o.s.s.w.a.ExceptionTranslationFilter     : Calling Authentication entry point.
2026-05-07 09:22:40.364 DEBUG 3471138 --- [nio-8080-exec-9] s.s.o.p.e.DefaultOAuth2ExceptionRenderer : Written [error="unauthorized", error_description="Full authentication is required to access this resource"] as "application/json;charset=UTF-8" using [org.springframework.http.converter.json.MappingJackson2HttpMessageConverter@6f1c412b]
2026-05-07 09:22:42.349 DEBUG 3471138 --- [io-8080-exec-10] o.s.security.web.FilterChainProxy        : /Session/Batch/4 at position 5 of 11 in additional filter chain; firing Filter: 'OAuth2AuthenticationProcessingFilter'
2026-05-07 09:22:42.350 DEBUG 3471138 --- [io-8080-exec-10] o.s.s.o.p.a.BearerTokenExtractor         : Token not found in headers. Trying request parameters.
2026-05-07 09:22:42.350 DEBUG 3471138 --- [io-8080-exec-10] o.s.s.o.p.a.BearerTokenExtractor         : Token not found in request parameters.  Not an OAuth2 request.
2026-05-07 09:22:42.350 DEBUG 3471138 --- [io-8080-exec-10] p.a.OAuth2AuthenticationProcessingFilter : No token in request, will continue chain.
2026-05-07 09:22:42.350 DEBUG 3471138 --- [io-8080-exec-10] o.s.security.web.FilterChainProxy        : /Session/Batch/4 at position 8 of 11 in additional filter chain; firing Filter: 'AnonymousAuthenticationFilter'
2026-05-07 09:22:42.351 DEBUG 3471138 --- [io-8080-exec-10] o.s.s.w.a.AnonymousAuthenticationFilter  : Populated SecurityContextHolder with anonymous token: 'org.springframework.security.authentication.AnonymousAuthenticationToken@8b5d8115: Principal: anonymousUser; Credentials: [PROTECTED]; Authenticated: true; Details: org.springframework.security.web.authentication.WebAuthenticationDetails@957e: RemoteIpAddress: 127.0.0.1; SessionId: null; Granted Authorities: ROLE_ANONYMOUS'
2026-05-07 09:22:42.352 DEBUG 3471138 --- [io-8080-exec-10] o.s.s.w.a.i.FilterSecurityInterceptor    : Secure object: FilterInvocation: URL: /Session/Batch/4; Attributes: [#oauth2.throwOnError(authenticated)]
2026-05-07 09:22:42.352 DEBUG 3471138 --- [io-8080-exec-10] o.s.s.w.a.i.FilterSecurityInterceptor    : Previously Authenticated: org.springframework.security.authentication.AnonymousAuthenticationToken@8b5d8115: Principal: anonymousUser; Credentials: [PROTECTED]; Authenticated: true; Details: org.springframework.security.web.authentication.WebAuthenticationDetails@957e: RemoteIpAddress: 127.0.0.1; SessionId: null; Granted Authorities: ROLE_ANONYMOUS
2026-05-07 09:22:42.353 DEBUG 3471138 --- [io-8080-exec-10] o.s.s.w.a.ExceptionTranslationFilter     : Access is denied (user is anonymous); redirecting to authentication entry point
	at org.springframework.security.web.authentication.AnonymousAuthenticationFilter.doFilter(AnonymousAuthenticationFilter.java:111) [spring-security-web-5.0.11.RELEASE.jar:5.0.11.RELEASE]
	at org.springframework.security.oauth2.provider.authentication.OAuth2AuthenticationProcessingFilter.doFilter(OAuth2AuthenticationProcessingFilter.java:176) [spring-security-oauth2-2.3.6.RELEASE.jar:na]
	at org.springframework.security.web.authentication.logout.LogoutFilter.doFilter(LogoutFilter.java:116) [spring-security-web-5.0.11.RELEASE.jar:5.0.11.RELEASE]
	at org.apache.catalina.authenticator.AuthenticatorBase.invoke(AuthenticatorBase.java:493) [tomcat-embed-core-8.5.37.jar:8.5.37]
	at org.apache.catalina.valves.ErrorReportValve.invoke(ErrorReportValve.java:81) [tomcat-embed-core-8.5.37.jar:8.5.37]
2026-05-07 09:22:42.354 DEBUG 3471138 --- [io-8080-exec-10] o.s.s.w.a.ExceptionTranslationFilter     : Calling Authentication entry point.
2026-05-07 09:22:42.355 DEBUG 3471138 --- [io-8080-exec-10] s.s.o.p.e.DefaultOAuth2ExceptionRenderer : Written [error="unauthorized", error_description="Full authentication is required to access this resource"] as "application/json;charset=UTF-8" using [org.springframework.http.converter.json.MappingJackson2HttpMessageConverter@6f1c412b]
2026-05-07 09:22:43.125 DEBUG 3471138 --- [nio-8080-exec-5] o.s.security.web.FilterChainProxy        : /Enrollment/Batch/4 at position 5 of 11 in additional filter chain; firing Filter: 'OAuth2AuthenticationProcessingFilter'
2026-05-07 09:22:43.125 DEBUG 3471138 --- [nio-8080-exec-5] o.s.s.o.p.a.BearerTokenExtractor         : Token not found in headers. Trying request parameters.
2026-05-07 09:22:43.125 DEBUG 3471138 --- [nio-8080-exec-5] o.s.s.o.p.a.BearerTokenExtractor         : Token not found in request parameters.  Not an OAuth2 re