2025-07-18 09:56:45.159  INFO 821789 --- [restartedMain] com.geneza.lms.Application               : Starting Application on ip-172-31-12-85 with PID 821789 (/home/ubuntu/lms/lms/lmspost/lmspostlatest/lms/lms/lmsJavaBackend/target/classes started by ubuntu in /home/ubuntu/lms/lms/lmspost/lmspostlatest/lms/lms/lmsJavaBackend)
2025-07-18 09:56:45.178  INFO 821789 --- [restartedMain] com.geneza.lms.Application               : No active profile set, falling back to default profiles: default
2025-07-18 09:56:51.473  INFO 821789 --- [restartedMain] o.apache.catalina.core.StandardService   : Starting service [Tomcat]
2025-07-18 09:56:51.473  INFO 821789 --- [restartedMain] org.apache.catalina.core.StandardEngine  : Starting Servlet Engine: Apache Tomcat/8.5.37
2025-07-18 09:56:51.497  INFO 821789 --- [localhost-startStop-1] o.a.catalina.core.AprLifecycleListener   : The APR based Apache Tomcat Native library which allows optimal performance in production environments was not found on the java.library.path: [/usr/java/packages/lib/amd64:/usr/lib/x86_64-linux-gnu/jni:/lib/x86_64-linux-gnu:/usr/lib/x86_64-linux-gnu:/usr/lib/jni:/lib:/usr/lib]
2025-07-18 09:56:51.670  INFO 821789 --- [localhost-startStop-1] o.a.c.c.C.[Tomcat].[localhost].[/lms]    : Initializing Spring embedded WebApplicationContext
2025-07-18 09:56:52.120  INFO 821789 --- [restartedMain] com.zaxxer.hikari.HikariDataSource       : HikariPool-1 - Starting...
2025-07-18 09:56:52.578  INFO 821789 --- [restartedMain] com.zaxxer.hikari.HikariDataSource       : HikariPool-1 - Start completed.
2025-07-18 09:56:59.918  INFO 821789 --- [restartedMain] pertySourcedRequestMappingHandlerMapping : Mapped URL path [/v2/api-docs] onto method [public org.springframework.http.ResponseEntity<springfox.documentation.spring.web.json.Json> springfox.documentation.swagger2.web.Swagger2Controller.getDocumentation(java.lang.String,javax.servlet.http.HttpServletRequest)]
2025-07-18 09:57:02.533  INFO 821789 --- [restartedMain] d.s.w.p.DocumentationPluginsBootstrapper : Context refreshed
2025-07-18 09:57:02.572  INFO 821789 --- [restartedMain] d.s.w.p.DocumentationPluginsBootstrapper : Found 1 custom documentation plugin(s)
2025-07-18 09:57:02.749  INFO 821789 --- [restartedMain] s.d.s.w.s.ApiListingReferenceScanner     : Scanning for api listing references
2025-07-18 09:57:03.149  INFO 821789 --- [restartedMain] .d.s.w.r.o.CachingOperationNameGenerator : Generating unique operation named: findAllPagedUsingGET_1
2025-07-18 09:57:03.158  INFO 821789 --- [restartedMain] .d.s.w.r.o.CachingOperationNameGenerator : Generating unique operation named: findAllPagedSortedUsingGET_1
2025-07-18 09:57:03.267  INFO 821789 --- [restartedMain] .d.s.w.r.o.CachingOperationNameGenerator : Generating unique operation named: findAllPagedUsingGET_2
2025-07-18 09:57:03.272  INFO 821789 --- [restartedMain] .d.s.w.r.o.CachingOperationNameGenerator : Generating unique operation named: findAllPagedSortedUsingGET_2
2025-07-18 09:57:03.286  INFO 821789 --- [restartedMain] .d.s.w.r.o.CachingOperationNameGenerator : Generating unique operation named: getAllByEnrollmentIdUsingGET_1
2025-07-18 09:57:03.293  INFO 821789 --- [restartedMain] .d.s.w.r.o.CachingOperationNameGenerator : Generating unique operation named: getAllByModuleIdUsingGET_1
2025-07-18 09:57:03.344  INFO 821789 --- [restartedMain] .d.s.w.r.o.CachingOperationNameGenerator : Generating unique operation named: findAllPagedSortedUsingGET_3
2025-07-18 09:57:03.352  INFO 821789 --- [restartedMain] .d.s.w.r.o.CachingOperationNameGenerator : Generating unique operation named: getAllByBatchIdUsingGET_1
2025-07-18 09:57:03.401  INFO 821789 --- [restartedMain] .d.s.w.r.o.CachingOperationNameGenerator : Generating unique operation named: findAllPagedSortedUsingGET_4
2025-07-18 09:57:03.407  INFO 821789 --- [restartedMain] .d.s.w.r.o.CachingOperationNameGenerator : Generating unique operation named: getAllByBatchIdUsingGET_2
2025-07-18 09:57:03.411  INFO 821789 --- [restartedMain] .d.s.w.r.o.CachingOperationNameGenerator : Generating unique operation named: getAllByModuleIdUsingGET_2
2025-07-18 09:57:03.448  INFO 821789 --- [restartedMain] .d.s.w.r.o.CachingOperationNameGenerator : Generating unique operation named: findAllPagedUsingGET_3
2025-07-18 09:57:03.454  INFO 821789 --- [restartedMain] .d.s.w.r.o.CachingOperationNameGenerator : Generating unique operation named: findAllPagedSortedUsingGET_5
2025-07-18 09:57:03.488  INFO 821789 --- [restartedMain] .d.s.w.r.o.CachingOperationNameGenerator : Generating unique operation named: getAllByFiltersUsingGET_1
2025-07-18 09:57:03.525  INFO 821789 --- [restartedMain] .d.s.w.r.o.CachingOperationNameGenerator : Generating unique operation named: findAllPagedUsingGET_4
2025-07-18 09:57:03.528  INFO 821789 --- [restartedMain] .d.s.w.r.o.CachingOperationNameGenerator : Generating unique operation named: findAllPagedSortedUsingGET_6
2025-07-18 09:57:03.562  INFO 821789 --- [restartedMain] .d.s.w.r.o.CachingOperationNameGenerator : Generating unique operation named: findAllPagedSortedUsingGET_7
2025-07-18 09:57:03.566  INFO 821789 --- [restartedMain] .d.s.w.r.o.CachingOperationNameGenerator : Generating unique operation named: getAllByBatchIdUsingGET_3
2025-07-18 09:57:03.599  INFO 821789 --- [restartedMain] .d.s.w.r.o.CachingOperationNameGenerator : Generating unique operation named: findAllPagedSortedUsingGET_8
2025-07-18 09:57:03.605  INFO 821789 --- [restartedMain] .d.s.w.r.o.CachingOperationNameGenerator : Generating unique operation named: getAllByBatchIdUsingGET_4
2025-07-18 09:57:03.647  INFO 821789 --- [restartedMain] .d.s.w.r.o.CachingOperationNameGenerator : Generating unique operation named: findAllPagedSortedUsingGET_9
2025-07-18 09:57:03.677  INFO 821789 --- [restartedMain] .d.s.w.r.o.CachingOperationNameGenerator : Generating unique operation named: findAllPagedSortedUsingGET_10
2025-07-18 09:57:03.710  INFO 821789 --- [restartedMain] .d.s.w.r.o.CachingOperationNameGenerator : Generating unique operation named: findAllPagedUsingGET_5
2025-07-18 09:57:03.716  INFO 821789 --- [restartedMain] .d.s.w.r.o.CachingOperationNameGenerator : Generating unique operation named: findAllPagedSortedUsingGET_11
2025-07-18 09:57:03.749  INFO 821789 --- [restartedMain] .d.s.w.r.o.CachingOperationNameGenerator : Generating unique operation named: findAllPagedUsingGET_6
2025-07-18 09:57:03.753  INFO 821789 --- [restartedMain] .d.s.w.r.o.CachingOperationNameGenerator : Generating unique operation named: findAllPagedSortedUsingGET_12
2025-07-18 09:57:03.781  INFO 821789 --- [restartedMain] .d.s.w.r.o.CachingOperationNameGenerator : Generating unique operation named: findAllPagedSortedUsingGET_13
2025-07-18 09:57:03.788  INFO 821789 --- [restartedMain] .d.s.w.r.o.CachingOperationNameGenerator : Generating unique operation named: getAllByCourseIdUsingGET_1
2025-07-18 09:57:03.822  INFO 821789 --- [restartedMain] .d.s.w.r.o.CachingOperationNameGenerator : Generating unique operation named: findAllPagedSortedUsingGET_14
2025-07-18 09:57:03.842  INFO 821789 --- [restartedMain] .d.s.w.r.o.CachingOperationNameGenerator : Generating unique operation named: getAllByEnrollmentIdUsingGET_2
2025-07-18 09:57:03.888  INFO 821789 --- [restartedMain] .d.s.w.r.o.CachingOperationNameGenerator : Generating unique operation named: findAllPagedSortedUsingGET_15
2025-07-18 09:57:03.893  INFO 821789 --- [restartedMain] .d.s.w.r.o.CachingOperationNameGenerator : Generating unique operation named: getAllByDailyUpdateIdUsingGET_1
2025-07-18 09:57:03.897  INFO 821789 --- [restartedMain] .d.s.w.r.o.CachingOperationNameGenerator : Generating unique operation named: getAllByModuleIdUsingGET_3
2025-07-18 09:57:03.933  INFO 821789 --- [restartedMain] .d.s.w.r.o.CachingOperationNameGenerator : Generating unique operation named: findAllPagedSortedUsingGET_16
2025-07-18 09:57:03.946  INFO 821789 --- [restartedMain] .d.s.w.r.o.CachingOperationNameGenerator : Generating unique operation named: getAllByBatchIdUsingGET_5
2025-07-18 09:57:03.980  INFO 821789 --- [restartedMain] .d.s.w.r.o.CachingOperationNameGenerator : Generating unique operation named: findAllPagedUsingGET_7
2025-07-18 09:57:03.987  INFO 821789 --- [restartedMain] .d.s.w.r.o.CachingOperationNameGenerator : Generating unique operation named: findAllPagedSortedUsingGET_17
2025-07-18 09:57:03.993  INFO 821789 --- [restartedMain] .d.s.w.r.o.CachingOperationNameGenerator : Generating unique operation named: getAllByBatchIdUsingGET_6
2025-07-18 09:57:03.998  INFO 821789 --- [restartedMain] .d.s.w.r.o.CachingOperationNameGenerator : Generating unique operation named: getAllByBatchIdUsingGET_7
2025-07-18 09:57:04.027  INFO 821789 --- [restartedMain] .d.s.w.r.o.CachingOperationNameGenerator : Generating unique operation named: getAllByMenuListIdUsingGET_1
2025-07-18 09:57:04.030  INFO 821789 --- [restartedMain] .d.s.w.r.o.CachingOperationNameGenerator : Generating unique operation named: getAllByMenuListIdUsingGET_2
2025-07-18 09:57:04.047  INFO 821789 --- [restartedMain] .d.s.w.r.o.CachingOperationNameGenerator : Generating unique operation named: findAllPagedSortedUsingGET_18
2025-07-18 09:57:04.051  INFO 821789 --- [restartedMain] .d.s.w.r.o.CachingOperationNameGenerator : Generating unique operation named: getAllByMentorIdUsingGET_1
2025-07-18 09:57:04.071  INFO 821789 --- [restartedMain] .d.s.w.r.o.CachingOperationNameGenerator : Generating unique operation named: findAllPagedUsingGET_8
2025-07-18 09:57:04.075  INFO 821789 --- [restartedMain] .d.s.w.r.o.CachingOperationNameGenerator : Generating unique operation named: findAllPagedSortedUsingGET_19
2025-07-18 09:57:04.078  INFO 821789 --- [restartedMain] .d.s.w.r.o.CachingOperationNameGenerator : Generating unique operation named: getAllByCourseIdUsingGET_2
2025-07-18 09:57:04.100  INFO 821789 --- [restartedMain] .d.s.w.r.o.CachingOperationNameGenerator : Generating unique operation named: findAllPagedUsingGET_9
2025-07-18 09:57:04.105  INFO 821789 --- [restartedMain] .d.s.w.r.o.CachingOperationNameGenerator : Generating unique operation named: findAllPagedSortedUsingGET_20
2025-07-18 09:57:04.168  INFO 821789 --- [restartedMain] .d.s.w.r.o.CachingOperationNameGenerator : Generating unique operation named: deleteAttendanceUsingGET_1
2025-07-18 09:57:04.221  INFO 821789 --- [restartedMain] .d.s.w.r.o.CachingOperationNameGenerator : Generating unique operation named: getByBatchIdUsingGET_1
2025-07-18 09:57:04.237  INFO 821789 --- [restartedMain] .d.s.w.r.o.CachingOperationNameGenerator : Generating unique operation named: getPagedUsingGET_1
2025-07-18 09:57:04.265  INFO 821789 --- [restartedMain] .d.s.w.r.o.CachingOperationNameGenerator : Generating unique operation named: findAllPagedUsingGET_10
2025-07-18 09:57:04.277  INFO 821789 --- [restartedMain] .d.s.w.r.o.CachingOperationNameGenerator : Generating unique operation named: findAllPagedSortedUsingGET_21
2025-07-18 09:57:04.322  INFO 821789 --- [restartedMain] .d.s.w.r.o.CachingOperationNameGenerator : Generating unique operation named: findAllPagedSortedUsingGET_22
2025-07-18 09:57:04.335  INFO 821789 --- [restartedMain] .d.s.w.r.o.CachingOperationNameGenerator : Generating unique operation named: getAllByTrainerIdUsingGET_1
2025-07-18 09:57:04.568  INFO 821789 --- [restartedMain] com.geneza.lms.Application               : Started Application in 20.305 seconds (JVM running for 21.162)
2025-07-18 09:57:12.187  INFO 821789 --- [http-nio-8080-exec-1] o.a.c.c.C.[Tomcat].[localhost].[/lms]    : Initializing Spring FrameworkServlet 'dispatcherServlet'
2025-07-18 10:03:24.771  INFO 821789 --- [Thread-11] com.zaxxer.hikari.HikariDataSource       : HikariPool-1 - Shutdown initiated...
2025-07-18 10:03:24.814  INFO 821789 --- [Thread-11] com.zaxxer.hikari.HikariDataSource       : HikariPool-1 - Shutdown completed.
