[[1;34mINFO[m] Scanning for projects...
[[1;34mINFO[m] 
[[1;34mINFO[m] [1m-----------------< [0;36morg.springframework:com_geneza_lms[0;1m >-----------------[m
[[1;34mINFO[m] [1mBuilding com_geneza_lms 3.0.0[m
[[1;34mINFO[m] [1m--------------------------------[ jar ]---------------------------------[m
[[1;34mINFO[m] 
[[1;34mINFO[m] [1m>>> [0;32mspring-boot-maven-plugin:2.0.8.RELEASE:run[m [1m(default-cli)[0;1m > [0;1mtest-compile[m @ [36mcom_geneza_lms[0;1m >>>[m
Downloading from spring-releases: https://repo.spring.io/libs-release/io/grpc/grpc-core/maven-metadata.xml
[[1;33mWARNING[m] Could not transfer metadata io.grpc:grpc-core/maven-metadata.xml from/to spring-releases (https://repo.spring.io/libs-release): authentication failed for https://repo.spring.io/libs-release/io/grpc/grpc-core/maven-metadata.xml, status: 401 Unauthorized
[[1;34mINFO[m] 
[[1;34mINFO[m] [1m--- [0;32mmaven-resources-plugin:3.0.2:resources[m [1m(default-resources)[m @ [36mcom_geneza_lms[0;1m ---[m
[[1;34mINFO[m] Using 'UTF-8' encoding to copy filtered resources.
[[1;34mINFO[m] Copying 1 resource
[[1;34mINFO[m] Copying 0 resource
[[1;34mINFO[m] 
[[1;34mINFO[m] [1m--- [0;32mmaven-compiler-plugin:3.7.0:compile[m [1m(default-compile)[m @ [36mcom_geneza_lms[0;1m ---[m
[[1;34mINFO[m] Changes detected - recompiling the module!
[[1;34mINFO[m] Compiling 205 source files to /home/ubuntu/lms/lms/lmspost/lmspostlatest/lms/lms/lmsJavaBackend/target/classes
[[1;34mINFO[m] /home/ubuntu/lms/lms/lmspost/lmspostlatest/lms/lms/lmsJavaBackend/src/main/java/com/geneza/lms/domain/User.java: Some input files use or override a deprecated API.
[[1;34mINFO[m] /home/ubuntu/lms/lms/lmspost/lmspostlatest/lms/lms/lmsJavaBackend/src/main/java/com/geneza/lms/domain/User.java: Recompile with -Xlint:deprecation for details.
[[1;34mINFO[m] /home/ubuntu/lms/lms/lmspost/lmspostlatest/lms/lms/lmsJavaBackend/src/main/java/com/geneza/lms/Application.java: /home/ubuntu/lms/lms/lmspost/lmspostlatest/lms/lms/lmsJavaBackend/src/main/java/com/geneza/lms/Application.java uses unchecked or unsafe operations.
[[1;34mINFO[m] /home/ubuntu/lms/lms/lmspost/lmspostlatest/lms/lms/lmsJavaBackend/src/main/java/com/geneza/lms/Application.java: Recompile with -Xlint:unchecked for details.
[[1;34mINFO[m] 
[[1;34mINFO[m] [1m--- [0;32mmaven-resources-plugin:3.0.2:testResources[m [1m(default-testResources)[m @ [36mcom_geneza_lms[0;1m ---[m
[[1;34mINFO[m] Using 'UTF-8' encoding to copy filtered resources.
[[1;34mINFO[m] skip non existing resourceDirectory /home/ubuntu/lms/lms/lmspost/lmspostlatest/lms/lms/lmsJavaBackend/src/test/resources
[[1;34mINFO[m] 
[[1;34mINFO[m] [1m--- [0;32mmaven-compiler-plugin:3.7.0:testCompile[m [1m(default-testCompile)[m @ [36mcom_geneza_lms[0;1m ---[m
[[1;34mINFO[m] No sources to compile
[[1;34mINFO[m] 
[[1;34mINFO[m] [1m<<< [0;32mspring-boot-maven-plugin:2.0.8.RELEASE:run[m [1m(default-cli)[0;1m < [0;1mtest-compile[m @ [36mcom_geneza_lms[0;1m <<<[m
[[1;34mINFO[m] 
[[1;34mINFO[m] 
[[1;34mINFO[m] [1m--- [0;32mspring-boot-maven-plugin:2.0.8.RELEASE:run[m [1m(default-cli)[m @ [36mcom_geneza_lms[0;1m ---[m
[[1;34mINFO[m] Attaching agents: []
The Class-Path manifest attribute in /home/ubuntu/.m2/repository/io/grpc/grpc-netty-shaded/1.10.1/grpc-netty-shaded-1.10.1.jar referenced one or more files that do not exist: file:/home/ubuntu/.m2/repository/io/grpc/grpc-netty-shaded/1.10.1/grpc-core-1.10.1.jar,file:/home/ubuntu/.m2/repository/io/grpc/grpc-netty-shaded/1.10.1/grpc-context-1.10.1.jar,file:/home/ubuntu/.m2/repository/io/grpc/grpc-netty-shaded/1.10.1/gson-2.7.jar,file:/home/ubuntu/.m2/repository/io/grpc/grpc-netty-shaded/1.10.1/opencensus-contrib-grpc-metrics-0.11.0.jar,file:/home/ubuntu/.m2/repository/io/grpc/grpc-netty-shaded/1.10.1/opencensus-api-0.11.0.jar,file:/home/ubuntu/.m2/repository/io/grpc/grpc-netty-shaded/1.10.1/guava-19.0.jar,file:/home/ubuntu/.m2/repository/io/grpc/grpc-netty-shaded/1.10.1/error_prone_annotations-2.1.2.jar,file:/home/ubuntu/.m2/repository/io/grpc/grpc-netty-shaded/1.10.1/jsr305-3.0.0.jar

  .   ____          _            __ _ _
 /\\ / ___'_ __ _ _(_)_ __  __ _ \ \ \ \
( ( )\___ | '_ | '_| | '_ \/ _` | \ \ \ \
 \\/  ___)| |_)| | | | | || (_| |  ) ) ) )
  '  |____| .__|_| |_|_| |_\__, | / / / /
 =========|_|==============|___/=/_/_/_/
 :: Spring Boot ::        (v2.0.8.RELEASE)

2026-05-07 04:44:01.224  INFO 3405197 --- [  restartedMain] com.geneza.lms.Application               : Starting Application on ip-172-31-12-85 with PID 3405197 (/home/ubuntu/lms/lms/lmspost/lmspostlatest/lms/lms/lmsJavaBackend/target/classes started by ubuntu in /home/ubuntu/lms/lms/lmspost/lmspostlatest/lms/lms/lmsJavaBackend)
2026-05-07 04:44:01.234  INFO 3405197 --- [  restartedMain] com.geneza.lms.Application               : No active profile set, falling back to default profiles: default
2026-05-07 04:44:06.582  INFO 3405197 --- [  restartedMain] o.apache.catalina.core.StandardService   : Starting service [Tomcat]
2026-05-07 04:44:06.582  INFO 3405197 --- [  restartedMain] org.apache.catalina.core.StandardEngine  : Starting Servlet Engine: Apache Tomcat/8.5.37
2026-05-07 04:44:06.600  INFO 3405197 --- [ost-startStop-1] o.a.catalina.core.AprLifecycleListener   : The APR based Apache Tomcat Native library which allows optimal performance in production environments was not found on the java.library.path: [/usr/java/packages/lib/amd64:/usr/lib/x86_64-linux-gnu/jni:/lib/x86_64-linux-gnu:/usr/lib/x86_64-linux-gnu:/usr/lib/jni:/lib:/usr/lib]
2026-05-07 04:44:06.764  INFO 3405197 --- [ost-startStop-1] o.a.c.c.C.[Tomcat].[localhost].[/lms]    : Initializing Spring embedded WebApplicationContext
2026-05-07 04:44:07.586  INFO 3405197 --- [  restartedMain] com.zaxxer.hikari.HikariDataSource       : HikariPool-1 - Starting...
2026-05-07 04:44:08.227  INFO 3405197 --- [  restartedMain] com.zaxxer.hikari.HikariDataSource       : HikariPool-1 - Start completed.
2026-05-07 04:44:15.480  INFO 3405197 --- [  restartedMain] pertySourcedRequestMappingHandlerMapping : Mapped URL path [/v2/api-docs] onto method [public org.springframework.http.ResponseEntity<springfox.documentation.spring.web.json.Json> springfox.documentation.swagger2.web.Swagger2Controller.getDocumentation(java.lang.String,javax.servlet.http.HttpServletRequest)]
2026-05-07 04:44:15.626  INFO 3405197 --- [  restartedMain] com.zaxxer.hikari.HikariDataSource       : HikariPool-1 - Shutdown initiated...
2026-05-07 04:44:15.660  INFO 3405197 --- [  restartedMain] com.zaxxer.hikari.HikariDataSource       : HikariPool-1 - Shutdown completed.
2026-05-07 04:44:15.667  INFO 3405197 --- [  restartedMain] o.apache.catalina.core.StandardService   : Stopping service [Tomcat]
[[1;34mINFO[m] [1m------------------------------------------------------------------------[m
[[1;34mINFO[m] [1;32mBUILD SUCCESS[m
[[1;34mINFO[m] [1m------------------------------------------------------------------------[m
[[1;34mINFO[m] Total time:  25.956 s
[[1;34mINFO[m] Finished at: 2026-05-07T04:44:15Z
[[1;34mINFO[m] [1m------------------------------------------------------------------------[m
